<html>
<body>
<pre>
<h1>礦ision Build Log</h1>
<h2>Tool Versions:</h2>
IDE-Version: 礦ision V5.18.0.0
Copyright (C) 2016 ARM Ltd and ARM Germany GmbH. All rights reserved.
License Information: cc cc, k2, LIC=14HV2-9FH7E-Y8ZFK-ZMXKW-IIFFG-VV577
 
Tool Versions:
Toolchain:       MDK-ARM Standard  Version: 5.18
Toolchain Path:  C:\Keil_v5\ARM\ARMCC\Bin
C Compiler:      Armcc.exe V5.06 update 1 (build 61)
Assembler:       Armasm.exe V5.06 update 1 (build 61)
Linker/Locator:  ArmLink.exe V5.06 update 1 (build 61)
Library Manager: ArmAr.exe V5.06 update 1 (build 61)
Hex Converter:   FromElf.exe V5.06 update 1 (build 61)
CPU DLL:         SARMCM3.DLL V5.18
Dialog DLL:      DCM.DLL V1.13.6.0
Target DLL:      STLink\ST-LINKIII-KEIL_SWO.dll V2.0.18.0
Dialog DLL:      TCM.DLL V1.14.8.0
 
<h2>Project:</h2>
C:\Users\hppav\Desktop\千二\工程文件\yplc-master\yplc-master\MDK-ARM\yplc_1.uvprojx
Project File Date:  09/01/2025

<h2>Output:</h2>
*** Using Compiler 'V5.06 update 1 (build 61)', folder: 'C:\Keil_v5\ARM\ARMCC\Bin'
Rebuild target 'yplc_1'
compiling stm32h7xx_hal_msp.c...
compiling main.c...
../Core/Inc/encoder.h(18): warning:  #1295-D: Deprecated declaration Encoder_Init - give arg types
  void Encoder_Init();
../Core/Inc/encoder.h(19): warning:  #1-D: last line of file ends without a newline
  #endif
../Core/Inc/rs485.h(16): warning:  #1295-D: Deprecated declaration RS485Init - give arg types
  void RS485Init();
../Core/Inc/rs485.h(24): warning:  #1-D: last line of file ends without a newline
  #endif
../Core/Src/main.c: 4 warnings, 0 errors
compiling telescoping_fork.c...
../Core/Inc/canopen.h(32): warning:  #1-D: last line of file ends without a newline
  #endif
../Core/Inc/telescoping_fork.h(19): warning:  #1-D: last line of file ends without a newline
  #endif
..\Core\Src\telescoping_fork.c(9): warning:  #223-D: function "osDelay" declared implicitly
      osDelay(20);
..\Core\Src\telescoping_fork.c(108): warning:  #1-D: last line of file ends without a newline
  // }
..\Core\Src\telescoping_fork.c: 4 warnings, 0 errors
assembling startup_stm32h723xx.s...
compiling yt8512c.c...
compiling rs485.c...
../Core/Inc/rs485.h(16): warning:  #1295-D: Deprecated declaration RS485Init - give arg types
  void RS485Init();
../Core/Inc/rs485.h(24): warning:  #1-D: last line of file ends without a newline
  #endif
../Core/Inc/servo.h(96): warning:  #1295-D: Deprecated declaration createQueryIdPacket - give arg types
  ServoTxPacket createQueryIdPacket();
../Core/Inc/servo.h(101): warning:  #1-D: last line of file ends without a newline
  #endif
..\Core\Src\rs485.c: 4 warnings, 0 errors
compiling canopen.c...
../Core/Inc/canopen.h(32): warning:  #1-D: last line of file ends without a newline
  #endif
..\Core\Src\canopen.c(61): warning:  #188-D: enumerated type mixed with another type
      HAL_StatusTypeDef status = FDCAN2_Send_Msg(sdo_data, 8, can_cfg.Identifier);
..\Core\Src\canopen.c(88): warning:  #188-D: enumerated type mixed with another type
      HAL_StatusTypeDef status = FDCAN2_Send_Msg(sdo_data, 8, can_cfg.Identifier);
..\Core\Src\canopen.c(72): warning:  #177-D: variable "len_cmd" was declared but never referenced
      static uint16_t len_cmd = 0;
..\Core\Src\canopen.c(102): warning:  #177-D: variable "state" was declared but never referenced
          uint8_t state = data[0];
..\Core\Src\canopen.c(109): warning:  #177-D: variable "cmd" was declared but never referenced
          uint8_t cmd = data[0];
..\Core\Src\canopen.c(110): warning:  #177-D: variable "index" was declared but never referenced
          uint16_t index = data[1] | (data[2] << 8);
..\Core\Src\canopen.c(111): warning:  #177-D: variable "subindex" was declared but never referenced
          uint8_t subindex = data[3];
..\Core\Src\canopen.c(121): warning:  #1-D: last line of file ends without a newline
  }
..\Core\Src\canopen.c: 9 warnings, 0 errors
compiling eeprom.c...
../Core/Inc/i2c.h(41): warning:  #1-D: last line of file ends without a newline
  #endif
../Core/Inc/eeprom.h(11): warning:  #1-D: last line of file ends without a newline
  #endif
..\Core\Src\eeprom.c(39): warning:  #223-D: function "osDelay" declared implicitly
      osDelay(5);
..\Core\Src\eeprom.c(108): warning:  #223-D: function "printf" declared implicitly
          printf("Warning: Page boundary crossed. Truncating to %d bytes.\r\n", len);
..\Core\Src\eeprom.c(152): warning:  #223-D: function "osDelay" declared implicitly
      osDelay(10);
..\Core\Src\eeprom.c(222): warning:  #1-D: last line of file ends without a newline
  }
..\Core\Src\eeprom.c: 6 warnings, 0 errors
compiling usb_otg.c...
compiling fdcan.c...
compiling gpio.c...
compiling stm32h7xx_it.c...
../Core/Inc/rs485.h(16): warning:  #1295-D: Deprecated declaration RS485Init - give arg types
  void RS485Init();
../Core/Inc/rs485.h(24): warning:  #1-D: last line of file ends without a newline
  #endif
../Core/Inc/servo.h(96): warning:  #1295-D: Deprecated declaration createQueryIdPacket - give arg types
  ServoTxPacket createQueryIdPacket();
../Core/Inc/servo.h(101): warning:  #1-D: last line of file ends without a newline
  #endif
../Core/Src/stm32h7xx_it.c(428): warning:  #223-D: function "printf" declared implicitly
    printf("id:%#x\r\n", fdcan2_RxHeader.Identifier);
../Core/Src/stm32h7xx_it.c(425): warning:  #177-D: variable "i" was declared but never referenced
    uint8_t i = 0;
../Core/Src/stm32h7xx_it.c: 6 warnings, 0 errors
compiling modbus.c...
../Core/Inc/rs485.h(16): warning:  #1295-D: Deprecated declaration RS485Init - give arg types
  void RS485Init();
../Core/Inc/rs485.h(24): warning:  #1-D: last line of file ends without a newline
  #endif
..\Core\Src\modbus.c(84): warning:  #186-D: pointless comparison of unsigned integer with zero
      if (start_addr < 
OIL_START_ADDR ||
..\Core\Src\modbus.c(132): warning:  #186-D: pointless comparison of unsigned integer with zero
      if (coil_addr < 
OIL_START_ADDR || coil_addr >= (COIL_START_ADDR + COIL_CNT))
..\Core\Src\modbus.c: 4 warnings, 0 errors
compiling usart.c...
../Core/Inc/rs485.h(16): warning:  #1295-D: Deprecated declaration RS485Init - give arg types
  void RS485Init();
../Core/Inc/rs485.h(24): warning:  #1-D: last line of file ends without a newline
  #endif
../Core/Inc/servo.h(96): warning:  #1295-D: Deprecated declaration createQueryIdPacket - give arg types
  ServoTxPacket createQueryIdPacket();
../Core/Inc/servo.h(101): warning:  #1-D: last line of file ends without a newline
  #endif
../Core/Src/usart.c: 4 warnings, 0 errors
compiling tim.c...
compiling servo.c...
../Core/Inc/rs485.h(16): warning:  #1295-D: Deprecated declaration RS485Init - give arg types
  void RS485Init();
../Core/Inc/rs485.h(24): warning:  #1-D: last line of file ends without a newline
  #endif
../Core/Inc/servo.h(96): warning:  #1295-D: Deprecated declaration createQueryIdPacket - give arg types
  ServoTxPacket createQueryIdPacket();
../Core/Inc/servo.h(101): warning:  #1-D: last line of file ends without a newline
  #endif
..\Core\Src\servo.c(51): warning:  #223-D: function "printf" declared implicitly
      printf("ID:0x%02X, Status:0x%02X, Paramslen:%d\n", packet->id, packet->status, paramLen);
..\Core\Src\servo.c(66): warning:  #177-D: variable "address" was declared but never referenced
              uint8_t address = packet->params[0];
..\Core\Src\servo.c(67): warning:  #177-D: variable "data" was declared but never referenced
              uint8_t *data = &packet->params[1];
..\Core\Src\servo.c(68): warning:  #177-D: variable "dataLen" was declared but never referenced
              uint8_t dataLen = paramLen - 1;
..\Core\Src\servo.c(49): warning:  #177-D: variable "msg" was declared but never referenced
      char msg[64];
..\Core\Src\servo.c(103): warning:  #223-D: function "memcpy" declared implicitly
          memcpy(packet->params, params, actual_len);
..\Core\Src\servo.c(177): warning:  #1-D: last line of file ends without a newline
  }
..\Core\Src\servo.c: 11 warnings, 0 errors
compiling digital_quantity.c...
../Core/Inc/digital_quantity.h(9): warning:  #1-D: last line of file ends without a newline
  #endif
..\Core\Src\digital_quantity.c(155): warning:  #1-D: last line of file ends without a newline
  }
..\Core\Src\digital_quantity.c: 2 warnings, 0 errors
compiling mg65Driver.c...
..\Core\Src\mg65Driver.c(1): warning:  #1-D: last line of file ends without a newline
  #include "mg65Driver.h"
../Core/Inc/mg65Driver.h(5): warning:  #1-D: last line of file ends without a newline
  #endif
..\Core\Src\mg65Driver.c: 2 warnings, 0 errors
compiling encoder.c...
../Core/Inc/encoder.h(18): warning:  #1295-D: Deprecated declaration Encoder_Init - give arg types
  void Encoder_Init();
../Core/Inc/encoder.h(19): warning:  #1-D: last line of file ends without a newline
  #endif
..\Core\Src\encoder.c(50): warning:  #1-D: last line of file ends without a newline
  }
..\Core\Src\encoder.c: 3 warnings, 0 errors
compiling stm32h7xx_hal_timebase_tim.c...
compiling i2c.c...
../Core/Inc/i2c.h(41): warning:  #1-D: last line of file ends without a newline
  #endif
..\Core\Src\i2c.c(157): warning:  #177-D: variable "result" was declared but never referenced
      uint8_t result;
..\Core\Src\i2c.c(232): warning:  #223-D: function "printf" declared implicitly
      printf("I2C Scan:\r\n");
..\Core\Src\i2c.c(245): warning:  #223-D: function "osDelay" declared implicitly
          osDelay(1);
..\Core\Src\i2c.c(249): warning:  #1-D: last line of file ends without a newline
  }
..\Core\Src\i2c.c: 5 warnings, 0 errors
compiling tcpserver.c...
compiling tcpclient.c...
../Core/Inc/tcpclient.h(16): warning:  #1295-D: Deprecated declaration isConnected - give arg types
  
ool isConnected();
..\Core\Src\tcpclient.c: 1 warning, 0 errors
compiling freertos.c...
../Core/Inc/digital_quantity.h(9): warning:  #1-D: last line of file ends without a newline
  #endif
../Core/Inc/rs485.h(16): warning:  #1295-D: Deprecated declaration RS485Init - give arg types
  void RS485Init();
../Core/Inc/rs485.h(24): warning:  #1-D: last line of file ends without a newline
  #endif
../Core/Inc/canopen.h(32): warning:  #1-D: last line of file ends without a newline
  #endif
../Core/Inc/servo.h(96): warning:  #1295-D: Deprecated declaration createQueryIdPacket - give arg types
  ServoTxPacket createQueryIdPacket();
../Core/Inc/servo.h(101): warning:  #1-D: last line of file ends without a newline
  #endif
../Core/Inc/i2c.h(41): warning:  #1-D: last line of file ends without a newline
  #endif
../Core/Inc/eeprom.h(11): warning:  #1-D: last line of file ends without a newline
  #endif
../Core/Inc/tcpclient.h(16): warning:  #1295-D: Deprecated declaration isConnected - give arg types
  
ool isConnected();
../Core/Inc/telescoping_fork.h(19): warning:  #1-D: last line of file ends without a newline
  #endif
../Core/Inc/forkLever.h(7): warning:  #1-D: last line of file ends without a newline
  #endif
../Core/Inc/move.h(4): warning:  #1-D: last line of file ends without a newline
  #endif
../Core/Inc/kincoServo.h(38): warning:  #231-D: declaration is not visible outside of function
      void (*error_handler)(struct KincoServoMotor *motor);    // ???蟠??砘氐?
../Core/Inc/kincoServo.h(39): warning:  #231-D: declaration is not visible outside of function
      void (*position_reached)(struct KincoServoMotor *motor); // 位?玫酱锘氐?
../Core/Src/freertos.c(45): warning:  #1295-D: Deprecated declaration DigitalOutputTestTask - give arg types
  void DigitalOutputTestTask();
../Core/Src/freertos.c(46): warning:  #1295-D: Deprecated declaration ServoTask - give arg types
  void ServoTask();
../Core/Src/freertos.c(47): warning:  #1295-D: Deprecated declaration lwipTask - give arg types
  void lwipTask();
../Core/Src/freertos.c(116): warning:  #177-D: variable "valid_command" was declared but never referenced
      uint8_t valid_command = 1;
../Core/Src/freertos.c(272): warning:  #188-D: enumerated type mixed with another type
    CANopen_Status now = 0;
../Core/Src/freertos.c(269): warning:  #177-D: variable "dataReceived" was declared but never referenced
    static uint8_t dataReceived[8] = {0};
../Core/Src/freertos.c(270): warning:  #177-D: variable "len" was declared but never referenced
    static uint8_t len = 0;
../Core/Src/freertos.c(271): warning:  #177-D: variable "lenReceived" was declared but never referenced
    static uint8_t lenReceived = 0;
../Core/Src/freertos.c(272): warning:  #550-D: variable "now" was set but never used
    CANopen_Status now = 0;
../Core/Src/freertos.c(276): warning:  #177-D: variable "startAddr" was declared but never referenced
    uint16_t startAddr = 0x2000;
../Core/Src/freertos.c(278): warning:  #177-D: variable "readData" was declared but never referenced
    uint8_t readData[256];
../Core/Src/freertos.c(280): warning:  #177-D: variable "bytesWritten" was declared but never referenced
    uint16_t bytesWritten = 0;
../Core/Src/freertos.c(281): warning:  #177-D: variable "ptr" was declared but never referenced
    uint8_t *ptr = writeData;
../Core/Src/freertos.c(282): warning:  #177-D: variable "remaining" was declared but never referenced
    uint16_t remaining = 256;
../Core/Src/freertos.c(283): warning:  #177-D: variable "bytesRead" was declared but never referenced
    uint16_t bytesRead = 0;
../Core/Src/freertos.c(284): warning:  #177-D: variable "chunk" was declared but never referenced
    uint8_t chunk = 0;
../Core/Src/freertos.c(285): warning:  #177-D: variable "errors" was declared but never referenced
    static uint16_t errors = 0;
../Core/Src/freertos.c(286): warning:  #550-D: variable "input2_value" was set but never used
    uint8_t input2_value = 0;
../Core/Src/freertos.c(54): warning:  #177-D: variable "command_index" was declared but never referenced
  static uint8_t command_index = 0;  // 鍛?浠?缂?鍐?鍖?绱?寮?
../Core/Src/freertos.c: 33 warnings, 0 errors
compiling stm32h7xx_hal_eth.c...
compiling stm32h7xx_hal_tim_ex.c...
compiling stm32h7xx_hal_eth_ex.c...
compiling stm32h7xx_hal_tim.c...
compiling stm32h7xx_hal_rcc.c...
compiling stm32h7xx_hal_rcc_ex.c...
compiling stm32h7xx_hal_flash_ex.c...
compiling stm32h7xx_hal_hsem.c...
compiling stm32h7xx_hal_flash.c...
compiling stm32h7xx_hal_gpio.c...
compiling stm32h7xx_hal_dma.c...
compiling stm32h7xx_hal_pwr.c...
compiling stm32h7xx_hal_dma_ex.c...
compiling stm32h7xx_hal_mdma.c...
compiling stm32h7xx_hal_pwr_ex.c...
compiling stm32h7xx_hal.c...
compiling stm32h7xx_hal_cortex.c...
compiling stm32h7xx_hal_i2c_ex.c...
compiling croutine.c...
compiling stm32h7xx_hal_exti.c...
compiling stm32h7xx_hal_i2c.c...
compiling event_groups.c...
compiling list.c...
compiling stream_buffer.c...
compiling stm32h7xx_hal_uart.c...
compiling queue.c...
compiling stm32h7xx_hal_fdcan.c...
compiling timers.c...
compiling stm32h7xx_hal_uart_ex.c...
compiling tasks.c...
compiling stm32h7xx_hal_hcd.c...
compiling heap_4.c...
compiling system_stm32h7xx.c...
compiling stm32h7xx_ll_usb.c...
compiling lan8742.c...
compiling port.c...
compiling cmsis_os2.c...
compiling lwip.c...
compiling ethernetif.c...
compiling auth.c...
compiling ccp.c...
compiling chap_ms.c...
compiling chap-md5.c...
compiling chap-new.c...
compiling eap.c...
compiling demand.c...
compiling fsm.c...
compiling ipcp.c...
compiling eui64.c...
compiling ipv6cp.c...
compiling lcp.c...
compiling magic.c...
compiling mppe.c...
compiling multilink.c...
compiling ppp.c...
compiling pppcrypt.c...
compiling pppapi.c...
compiling pppoe.c...
compiling pppol2tp.c...
compiling pppos.c...
compiling utils.c...
compiling upap.c...
compiling vj.c...
compiling bridgeif.c...
compiling ethernet.c...
compiling lowpan6_ble.c...
compiling bridgeif_fdb.c...
compiling lowpan6.c...
compiling lowpan6_common.c...
compiling zepif.c...
compiling slipif.c...
compiling ecp.c...
compiling api_lib.c...
compiling err.c...
compiling api_msg.c...
compiling netbuf.c...
compiling netifapi.c...
compiling netdb.c...
compiling if_api.c...
compiling altcp.c...
compiling tcpip.c...
compiling altcp_alloc.c...
compiling altcp_tcp.c...
compiling def.c...
compiling sockets.c...
compiling dns.c...
compiling inet_chksum.c...
compiling ip.c...
compiling init.c...
compiling mem.c...
compiling raw.c...
compiling memp.c...
compiling netif.c...
compiling stats.c...
compiling sys.c...
compiling pbuf.c...
compiling tcp.c...
compiling timeouts.c...
compiling autoip.c...
compiling tcp_out.c...
compiling tcp_in.c...
compiling dhcp.c...
compiling udp.c...
compiling igmp.c...
compiling icmp.c...
compiling etharp.c...
compiling ip4_addr.c...
compiling ip4.c...
compiling dhcp6.c...
compiling ethip6.c...
compiling ip4_frag.c...
compiling icmp6.c...
compiling inet6.c...
compiling ip6.c...
compiling ip6_addr.c...
compiling ip6_frag.c...
compiling mld6.c...
compiling nd6.c...
compiling sys_arch.c...
compiling sntp.c...
compiling mqtt.c...
linking...
Program Size: Code=46364 RO-data=1176 RW-data=288 ZI-data=39800  
FromELF: creating hex file...
"yplc_1\yplc_1.axf" - 0 Error(s), 98 Warning(s).

<h2>Software Packages used:</h2>

Package Vendor: ARM
                http://www.keil.com/pack/ARM.CMSIS.4.5.0.pack
                ARM::CMSIS:CORE:4.3.0
                CMSIS (Cortex Microcontroller Software Interface Standard)
   * Component: CORE Version: 4.3.0

<h2>Collection of Component include folders:</h2>
  C:\Users\hppav\Desktop\千二\工程文件\yplc-master\yplc-master\MDK-ARM\RTE
  C:\Keil_v5\ARM\PACK\ARM\CMSIS\4.5.0\CMSIS\Include

<h2>Collection of Component Files used:</h2>

   * Component: ARM::CMSIS:CORE:4.3.0
Build Time Elapsed:  00:00:09
</pre>
</body>
</html>
