Component: ARM Compiler 5.06 update 1 (build 61) Tool: armlink [4d35a8]

==============================================================================

Section Cross References

    startup_stm32h723xx.o(RESET) refers to startup_stm32h723xx.o(STACK) for __initial_sp
    startup_stm32h723xx.o(RESET) refers to startup_stm32h723xx.o(.text) for Reset_Handler
    startup_stm32h723xx.o(RESET) refers to stm32h7xx_it.o(i.NMI_Handler) for NMI_Handler
    startup_stm32h723xx.o(RESET) refers to stm32h7xx_it.o(i.HardFault_Handler) for HardFault_Handler
    startup_stm32h723xx.o(RESET) refers to stm32h7xx_it.o(i.MemManage_Handler) for MemManage_Handler
    startup_stm32h723xx.o(RESET) refers to stm32h7xx_it.o(i.BusFault_Handler) for BusFault_Handler
    startup_stm32h723xx.o(RESET) refers to stm32h7xx_it.o(i.UsageFault_Handler) for UsageFault_Handler
    startup_stm32h723xx.o(RESET) refers to port.o(.emb_text) for SVC_Handler
    startup_stm32h723xx.o(RESET) refers to stm32h7xx_it.o(i.DebugMon_Handler) for DebugMon_Handler
    startup_stm32h723xx.o(RESET) refers to cmsis_os2.o(i.SysTick_Handler) for SysTick_Handler
    startup_stm32h723xx.o(RESET) refers to stm32h7xx_it.o(i.FDCAN2_IT0_IRQHandler) for FDCAN2_IT0_IRQHandler
    startup_stm32h723xx.o(RESET) refers to stm32h7xx_it.o(i.TIM2_IRQHandler) for TIM2_IRQHandler
    startup_stm32h723xx.o(RESET) refers to stm32h7xx_it.o(i.TIM4_IRQHandler) for TIM4_IRQHandler
    startup_stm32h723xx.o(RESET) refers to stm32h7xx_it.o(i.USART2_IRQHandler) for USART2_IRQHandler
    startup_stm32h723xx.o(RESET) refers to stm32h7xx_it.o(i.USART3_IRQHandler) for USART3_IRQHandler
    startup_stm32h723xx.o(RESET) refers to stm32h7xx_it.o(i.TIM6_DAC_IRQHandler) for TIM6_DAC_IRQHandler
    startup_stm32h723xx.o(RESET) refers to stm32h7xx_it.o(i.ETH_IRQHandler) for ETH_IRQHandler
    startup_stm32h723xx.o(RESET) refers to stm32h7xx_it.o(i.USART10_IRQHandler) for USART10_IRQHandler
    startup_stm32h723xx.o(.text) refers to system_stm32h7xx.o(i.ExitRun0Mode) for ExitRun0Mode
    startup_stm32h723xx.o(.text) refers to system_stm32h7xx.o(i.SystemInit) for SystemInit
    startup_stm32h723xx.o(.text) refers to entry.o(.ARM.Collect$$$$00000000) for __main
    digital_quantity.o(i.DigitalQuantity_Input) refers to stm32h7xx_hal_gpio.o(i.HAL_GPIO_ReadPin) for HAL_GPIO_ReadPin
    digital_quantity.o(i.DigitalQuantity_Input) refers to digital_quantity.o(.data) for input_value
    digital_quantity.o(i.DigitalQuantity_Output) refers to stm32h7xx_hal_gpio.o(i.HAL_GPIO_WritePin) for HAL_GPIO_WritePin
    encoder.o(i.Encoder_Init) refers to stm32h7xx_hal_tim.o(i.HAL_TIM_Encoder_Start) for HAL_TIM_Encoder_Start
    encoder.o(i.Encoder_Init) refers to stm32h7xx_hal_tim.o(i.HAL_TIM_Base_Start_IT) for HAL_TIM_Base_Start_IT
    encoder.o(i.Encoder_Init) refers to tim.o(.bss) for htim1
    encoder.o(i.Encoder_Init) refers to encoder.o(.bss) for encoder
    encoder.o(i.GetSpeed) refers to encoder.o(i.bubble_sort) for bubble_sort
    encoder.o(i.GetSpeed) refers to encoder.o(.bss) for encoder
    encoder.o(i.GetSpeed) refers to encoder.o(.data) for RawCurrentSpeed
    encoder.o(i.bubble_sort) refers to encoder.o(i.swap) for swap
    rs485.o(i.RS485Init) refers to stm32h7xx_hal_uart.o(i.HAL_UART_Receive_IT) for HAL_UART_Receive_IT
    rs485.o(i.RS485Init) refers to servo.o(.bss) for rxBuffer
    rs485.o(i.RS485Init) refers to usart.o(.bss) for huart3
    rs485.o(i.RS485PowerTransmit) refers to stm32h7xx_hal_gpio.o(i.HAL_GPIO_WritePin) for HAL_GPIO_WritePin
    rs485.o(i.RS485PowerTransmit) refers to stm32h7xx_hal_uart.o(i.HAL_UART_Transmit) for HAL_UART_Transmit
    rs485.o(i.RS485PowerTransmit) refers to usart.o(.bss) for huart10
    rs485.o(i.RS485ServoTransmit) refers to stm32h7xx_hal_gpio.o(i.HAL_GPIO_WritePin) for HAL_GPIO_WritePin
    rs485.o(i.RS485ServoTransmit) refers to stm32h7xx_hal_uart.o(i.HAL_UART_Transmit) for HAL_UART_Transmit
    rs485.o(i.RS485ServoTransmit) refers to usart.o(.bss) for huart3
    servo.o(i.ProcessServoPacket) refers to printf8.o(i.__0printf$8) for __2printf
    servo.o(i.createPositionCalibratePacket) refers to servo.o(i.createServoPacket) for createServoPacket
    servo.o(i.createPositionCalibratePacket) refers to memmovea.o(.text) for __aeabi_memcpy
    servo.o(i.createQueryIdPacket) refers to servo.o(i.createServoPacket) for createServoPacket
    servo.o(i.createQueryIdPacket) refers to memmovea.o(.text) for __aeabi_memcpy
    servo.o(i.createReadPositionPacket) refers to servo.o(i.createServoPacket) for createServoPacket
    servo.o(i.createReadPositionPacket) refers to memmovea.o(.text) for __aeabi_memcpy
    servo.o(i.createServoPacket) refers to memmovea.o(.text) for __aeabi_memcpy
    servo.o(i.createServoPacket) refers to servo.o(i.CalculateChecksumTx) for CalculateChecksumTx
    servo.o(i.createSetPositionPacket) refers to servo.o(i.createServoPacket) for createServoPacket
    servo.o(i.createSetPositionPacket) refers to memmovea.o(.text) for __aeabi_memcpy
[...]
    _printf_str                              0x00000000   Number         0  stubs.o ABSOLUTE
    _printf_truncate_signed                  0x00000000   Number         0  stubs.o ABSOLUTE
    _printf_truncate_unsigned                0x00000000   Number         0  stubs.o ABSOLUTE
    _printf_u                                0x00000000   Number         0  stubs.o ABSOLUTE
    _printf_wc                               0x00000000   Number         0  stubs.o ABSOLUTE
    _printf_wctomb                           0x00000000   Number         0  stubs.o ABSOLUTE
    _printf_widthprec                        0x00000000   Number         0  stubs.o ABSOLUTE
    _printf_x                                0x00000000   Number         0  stubs.o ABSOLUTE
    __cpp_initialize__aeabi_                  - Undefined Weak Reference
    __cxa_finalize                            - Undefined Weak Reference
    __decompress                              - Undefined Weak Reference
    _clock_init                               - Undefined Weak Reference
    _microlib_exit                            - Undefined Weak Reference
    __Vectors_Size                           0x000002cc   Number         0  startup_stm32h723xx.o ABSOLUTE
    __Vectors                                0x08000000   Data           4  startup_stm32h723xx.o(RESET)
    __Vectors_End                            0x080002cc   Data           0  startup_stm32h723xx.o(RESET)
    __main                                   0x080002cd   Thumb Code     0  entry.o(.ARM.Collect$$$$00000000)
    _main_stk                                0x080002cd   Thumb Code     0  entry2.o(.ARM.Collect$$$$00000001)
    _main_scatterload                        0x080002d1   Thumb Code     0  entry5.o(.ARM.Collect$$$$00000004)
    __main_after_scatterload                 0x080002d5   Thumb Code     0  entry5.o(.ARM.Collect$$$$00000004)
    _main_clock                              0x080002d5   Thumb Code     0  entry7b.o(.ARM.Collect$$$$00000008)
    _main_cpp_init                           0x080002d5   Thumb Code     0  entry8b.o(.ARM.Collect$$$$0000000A)
    _main_init                               0x080002d5   Thumb Code     0  entry9a.o(.ARM.Collect$$$$0000000B)
    __rt_final_cpp                           0x080002dd   Thumb Code     0  entry10a.o(.ARM.Collect$$$$0000000D)
    __rt_final_exit                          0x080002dd   Thumb Code     0  entry11a.o(.ARM.Collect$$$$0000000F)
    SVC_Handler                              0x080002e1   Thumb Code    28  port.o(.emb_text)
    __asm___6_port_c_39a90d8d__prvStartFirstTask 0x08000301   Thumb Code    36  port.o(.emb_text)
    __asm___6_port_c_39a90d8d__prvEnableVFP  0x08000329   Thumb Code    16  port.o(.emb_text)
    PendSV_Handler                           0x0800033d   Thumb Code    88  port.o(.emb_text)
    vPortGetIPSR                             0x08000399   Thumb Code     6  port.o(.emb_text)
    Reset_Handler                            0x080003a1   Thumb Code    12  startup_stm32h723xx.o(.text)
    ADC3_IRQHandler                          0x080003bf   Thumb Code     0  startup_stm32h723xx.o(.text)
    ADC_IRQHandler                           0x080003bf   Thumb Code     0  startup_stm32h723xx.o(.text)
    BDMA_Channel0_IRQHandler                 0x080003bf   Thumb Code     0  startup_stm32h723xx.o(.text)
    BDMA_Channel1_IRQHandler                 0x080003bf   Thumb Code     0  startup_stm32h723xx.o(.text)
    BDMA_Channel2_IRQHandler                 0x080003bf   Thumb Code     0  startup_stm32h723xx.o(.text)
    BDMA_Channel3_IRQHandler                 0x080003bf   Thumb Code     0  startup_stm32h723xx.o(.text)
    BDMA_Channel4_IRQHandler                 0x080003bf   Thumb Code     0  startup_stm32h723xx.o(.text)
    BDMA_Channel5_IRQHandler                 0x080003bf   Thumb Code     0  startup_stm32h723xx.o(.text)
    BDMA_Channel6_IRQHandler                 0x080003bf   Thumb Code     0  startup_stm32h723xx.o(.text)
    BDMA_Channel7_IRQHandler                 0x080003bf   Thumb Code     0  startup_stm32h723xx.o(.text)
    CEC_IRQHandler                           0x080003bf   Thumb Code     0  startup_stm32h723xx.o(.text)
    COMP1_IRQHandler                         0x080003bf   Thumb Code     0  startup_stm32h723xx.o(.text)
    CORDIC_IRQHandler                        0x080003bf   Thumb Code     0  startup_stm32h723xx.o(.text)
    CRS_IRQHandler                           0x080003bf   Thumb Code     0  startup_stm32h723xx.o(.text)
    DCMI_PSSI_IRQHandler                     0x080003bf   Thumb Code     0  startup_stm32h723xx.o(.text)
    DFSDM1_FLT0_IRQHandler                   0x080003bf   Thumb Code     0  startup_stm32h723xx.o(.text)
    DFSDM1_FLT1_IRQHandler                   0x080003bf   Thumb Code     0  startup_stm32h723xx.o(.text)
    DFSDM1_FLT2_IRQHandler                   0x080003bf   Thumb Code     0  startup_stm32h723xx.o(.text)
    DFSDM1_FLT3_IRQHandler                   0x080003bf   Thumb Code     0  startup_stm32h723xx.o(.text)
    DMA1_Stream0_IRQHandler                  0x080003bf   Thumb Code     0  startup_stm32h723xx.o(.text)
    DMA1_Stream1_IRQHandler                  0x080003bf   Thumb Code     0  startup_stm32h723xx.o(.text)
    DMA1_Stream2_IRQHandler                  0x080003bf   Thumb Code     0  startup_stm32h723xx.o(.text)
    DMA1_Stream3_IRQHandler                  0x080003bf   Thumb Code     0  startup_stm32h723xx.o(.text)
    DMA1_Stream4_IRQHandler                  0x080003bf   Thumb Code     0  startup_stm32h723xx.o(.text)
    DMA1_Stream5_IRQHandler                  0x080003bf   Thumb Code     0  startup_stm32h723xx.o(.text)
    DMA1_Stream6_IRQHandler                  0x080003bf   Thumb Code     0  startup_stm32h723xx.o(.text)
    DMA1_Stream7_IRQHandler                  0x080003bf   Thumb Code     0  startup_stm32h723xx.o(.text)
    DMA2D_IRQHandler                         0x080003bf   Thumb Code     0  startup_stm32h723xx.o(.text)
    DMA2_Stream0_IRQHandler                  0x080003bf   Thumb Code     0  startup_stm32h723xx.o(.text)
    DMA2_Stream1_IRQHandler                  0x080003bf   Thumb Code     0  startup_stm32h723xx.o(.text)
    DMA2_Stream2_IRQHandler                  0x080003bf   Thumb Code     0  startup_stm32h723xx.o(.text)
    DMA2_Stream3_IRQHandler                  0x080003bf   Thumb Code     0  startup_stm32h723xx.o(.text)
    DMA2_Stream4_IRQHandler                  0x080003bf   Thumb Code     0  startup_stm32h723xx.o(.text)
    DMA2_Stream5_IRQHandler                  0x080003bf   Thumb Code     0  startup_stm32h723xx.o(.text)
    DMA2_Stream6_IRQHandler                  0x080003bf   Thumb Code     0  startup_stm32h723xx.o(.text)
    DMA2_Stream7_IRQHandler                  0x080003bf   Thumb Code     0  startup_stm32h723xx.o(.text)
    DMAMUX1_OVR_IRQHandler                   0x080003bf   Thumb Code     0  startup_stm32h723xx.o(.text)
    DMAMUX2_OVR_IRQHandler                   0x080003bf   Thumb Code     0  startup_stm32h723xx.o(.text)
    DTS_IRQHandler                           0x080003bf   Thumb Code     0  startup_stm32h723xx.o(.text)
    ECC_IRQHandler                           0x080003bf   Thumb Code     0  startup_stm32h723xx.o(.text)
    ETH_WKUP_IRQHandler                      0x080003bf   Thumb Code     0  startup_stm32h723xx.o(.text)
    EXTI0_IRQHandler                         0x080003bf   Thumb Code     0  startup_stm32h723xx.o(.text)
    EXTI15_10_IRQHandler                     0x080003bf   Thumb Code     0  startup_stm32h723xx.o(.text)
    EXTI1_IRQHandler                         0x080003bf   Thumb Code     0  startup_stm32h723xx.o(.text)
    EXTI2_IRQHandler                         0x080003bf   Thumb Code     0  startup_stm32h723xx.o(.text)
    EXTI3_IRQHandler                         0x080003bf   Thumb Code     0  startup_stm32h723xx.o(.text)
    EXTI4_IRQHandler                         0x080003bf   Thumb Code     0  startup_stm32h723xx.o(.text)
    EXTI9_5_IRQHandler                       0x080003bf   Thumb Code     0  startup_stm32h723xx.o(.text)
    FDCAN1_IT0_IRQHandler                    0x080003bf   Thumb Code     0  startup_stm32h723xx.o(.text)
    FDCAN1_IT1_IRQHandler                    0x080003bf   Thumb Code     0  startup_stm32h723xx.o(.text)
    FDCAN2_IT1_IRQHandler                    0x080003bf   Thumb Code     0  startup_stm32h723xx.o(.text)
    FDCAN3_IT0_IRQHandler                    0x080003bf   Thumb Code     0  startup_stm32h723xx.o(.text)
    FDCAN3_IT1_IRQHandler                    0x080003bf   Thumb Code     0  startup_stm32h723xx.o(.text)
    FDCAN_CAL_IRQHandler                     0x080003bf   Thumb Code     0  startup_stm32h723xx.o(.text)
    FLASH_IRQHandler                         0x080003bf   Thumb Code     0  startup_stm32h723xx.o(.text)
    FMAC_IRQHandler                          0x080003bf   Thumb Code     0  startup_stm32h723xx.o(.text)
    FMC_IRQHandler                           0x080003bf   Thumb Code     0  startup_stm32h723xx.o(.text)
    FPU_IRQHandler                           0x080003bf   Thumb Code     0  startup_stm32h723xx.o(.text)
    HSEM1_IRQHandler                         0x080003bf   Thumb Code     0  startup_stm32h723xx.o(.text)
    I2C1_ER_IRQHandler                       0x080003bf   Thumb Code     0  startup_stm32h723xx.o(.text)
    I2C1_EV_IRQHandler                       0x080003bf   Thumb Code     0  startup_stm32h723xx.o(.text)
    I2C2_ER_IRQHandler                       0x080003bf   Thumb Code     0  startup_stm32h723xx.o(.text)
    I2C2_EV_IRQHandler                       0x080003bf   Thumb Code     0  startup_stm32h723xx.o(.text)
    I2C3_ER_IRQHandler                       0x080003bf   Thumb Code     0  startup_stm32h723xx.o(.text)
    I2C3_EV_IRQHandler                       0x080003bf   Thumb Code     0  startup_stm32h723xx.o(.text)
    I2C4_ER_IRQHandler                       0x080003bf   Thumb Code     0  startup_stm32h723xx.o(.text)
    I2C4_EV_IRQHandler                       0x080003bf   Thumb Code     0  startup_stm32h723xx.o(.text)
    I2C5_ER_IRQHandler                       0x080003bf   Thumb Code     0  startup_stm32h723xx.o(.text)
    I2C5_EV_IRQHandler                       0x080003bf   Thumb Code     0  startup_stm32h723xx.o(.text)
    LPTIM1_IRQHandler                        0x080003bf   Thumb Code     0  startup_stm32h723xx.o(.text)
    LPTIM2_IRQHandler                        0x080003bf   Thumb Code     0  startup_stm32h723xx.o(.text)
    LPTIM3_IRQHandler                        0x080003bf   Thumb Code     0  startup_stm32h723xx.o(.text)
    LPTIM4_IRQHandler                        0x080003bf   Thumb Code     0  startup_stm32h723xx.o(.text)
    LPTIM5_IRQHandler                        0x080003bf   Thumb Code     0  startup_stm32h723xx.o(.text)
    LPUART1_IRQHandler                       0x080003bf   Thumb Code     0  startup_stm32h723xx.o(.text)
    LTDC_ER_IRQHandler                       0x080003bf   Thumb Code     0  startup_stm32h723xx.o(.text)
    LTDC_IRQHandler                          0x080003bf   Thumb Code     0  startup_stm32h723xx.o(.text)
    MDIOS_IRQHandler                         0x080003bf   Thumb Code     0  startup_stm32h723xx.o(.text)
    MDIOS_WKUP_IRQHandler                    0x080003bf   Thumb Code     0  startup_stm32h723xx.o(.text)
    MDMA_IRQHandler                          0x080003bf   Thumb Code     0  startup_stm32h723xx.o(.text)
    OCTOSPI1_IRQHandler                      0x080003bf   Thumb Code     0  startup_stm32h723xx.o(.text)
    OCTOSPI2_IRQHandler                      0x080003bf   Thumb Code     0  startup_stm32h723xx.o(.text)
    OTG_HS_EP1_IN_IRQHandler                 0x080003bf   Thumb Code     0  startup_stm32h723xx.o(.text)
    OTG_HS_EP1_OUT_IRQHandler                0x080003bf   Thumb Code     0  startup_stm32h723xx.o(.text)
    OTG_HS_IRQHandler                        0x080003bf   Thumb Code     0  startup_stm32h723xx.o(.text)
    OTG_HS_WKUP_IRQHandler                   0x080003bf   Thumb Code     0  startup_stm32h723xx.o(.text)
    PVD_AVD_IRQHandler                       0x080003bf   Thumb Code     0  startup_stm32h723xx.o(.text)
    RCC_IRQHandler                           0x080003bf   Thumb Code     0  startup_stm32h723xx.o(.text)
    RNG_IRQHandler                           0x080003bf   Thumb Code     0  startup_stm32h723xx.o(.text)
    RTC_Alarm_IRQHandler                     0x080003bf   Thumb Code     0  startup_stm32h723xx.o(.text)
    RTC_WKUP_IRQHandler                      0x080003bf   Thumb Code     0  startup_stm32h723xx.o(.text)
    SAI1_IRQHandler                          0x080003bf   Thumb Code     0  startup_stm32h723xx.o(.text)
    SAI4_IRQHandler                          0x080003bf   Thumb Code     0  startup_stm32h723xx.o(.text)
    SDMMC1_IRQHandler                        0x080003bf   Thumb Code     0  startup_stm32h723xx.o(.text)
    SDMMC2_IRQHandler                        0x080003bf   Thumb Code     0  startup_stm32h723xx.o(.text)
    SPDIF_RX_IRQHandler                      0x080003bf   Thumb Code     0  startup_stm32h723xx.o(.text)
    SPI1_IRQHandler                          0x080003bf   Thumb Code     0  startup_stm32h723xx.o(.text)
    SPI2_IRQHandler                          0x080003bf   Thumb Code     0  startup_stm32h723xx.o(.text)
    SPI3_IRQHandler                          0x080003bf   Thumb Code     0  startup_stm32h723xx.o(.text)
    SPI4_IRQHandler                          0x080003bf   Thumb Code     0  startup_stm32h723xx.o(.text)
    SPI5_IRQHandler                          0x080003bf   Thumb Code     0  startup_stm32h723xx.o(.text)
    SPI6_IRQHandler                          0x080003bf   Thumb Code     0  startup_stm32h723xx.o(.text)
    SWPMI1_IRQHandler                        0x080003bf   Thumb Code     0  startup_stm32h723xx.o(.text)
    TAMP_STAMP_IRQHandler                    0x080003bf   Thumb Code     0  startup_stm32h723xx.o(.text)
    TIM15_IRQHandler                         0x080003bf   Thumb Code     0  startup_stm32h723xx.o(.text)
    TIM16_IRQHandler                         0x080003bf   Thumb Code     0  startup_stm32h723xx.o(.text)
    TIM17_IRQHandler                         0x080003bf   Thumb Code     0  startup_stm32h723xx.o(.text)
    TIM1_BRK_IRQHandler                      0x080003bf   Thumb Code     0  startup_stm32h723xx.o(.text)
    TIM1_CC_IRQHandler                       0x080003bf   Thumb Code     0  startup_stm32h723xx.o(.text)
    TIM1_TRG_COM_IRQHandler                  0x080003bf   Thumb Code     0  startup_stm32h723xx.o(.text)
    TIM1_UP_IRQHandler                       0x080003bf   Thumb Code     0  startup_stm32h723xx.o(.text)
    TIM23_IRQHandler                         0x080003bf   Thumb Code     0  startup_stm32h723xx.o(.text)
    TIM24_IRQHandler                         0x080003bf   Thumb Code     0  startup_stm32h723xx.o(.text)
    TIM3_IRQHandler                          0x080003bf   Thumb Code     0  startup_stm32h723xx.o(.text)
    TIM5_IRQHandler                          0x080003bf   Thumb Code     0  startup_stm32h723xx.o(.text)
    TIM7_IRQHandler                          0x080003bf   Thumb Code     0  startup_stm32h723xx.o(.text)
    TIM8_BRK_TIM12_IRQHandler                0x080003bf   Thumb Code     0  startup_stm32h723xx.o(.text)
    TIM8_CC_IRQHandler                       0x080003bf   Thumb Code     0  startup_stm32h723xx.o(.text)
    TIM8_TRG_COM_TIM14_IRQHandler            0x080003bf   Thumb Code     0  startup_stm32h723xx.o(.text)
    TIM8_UP_TIM13_IRQHandler                 0x080003bf   Thumb Code     0  startup_stm32h723xx.o(.text)
    UART4_IRQHandler                         0x080003bf   Thumb Code     0  startup_stm32h723xx.o(.text)
    UART5_IRQHandler                         0x080003bf   Thumb Code     0  startup_stm32h723xx.o(.text)
    UART7_IRQHandler                         0x080003bf   Thumb Code     0  startup_stm32h723xx.o(.text)
    UART8_IRQHandler                         0x080003bf   Thumb Code     0  startup_stm32h723xx.o(.text)
    UART9_IRQHandler                         0x080003bf   Thumb Code     0  startup_stm32h723xx.o(.text)
    USART1_IRQHandler                        0x080003bf   Thumb Code     0  startup_stm32h723xx.o(.text)
    USART6_IRQHandler                        0x080003bf   Thumb Code     0  startup_stm32h723xx.o(.text)
    WAKEUP_PIN_IRQHandler                    0x080003bf   Thumb Code     0  startup_stm32h723xx.o(.text)
    WWDG_IRQHandler                          0x080003bf   Thumb Code     0  startup_stm32h723xx.o(.text)
    __aeabi_uldivmod                         0x080003cd   Thumb Code    98  uldiv.o(.text)
    ___aeabi_memcpy8$move                    0x0800042f   Thumb Code     0  memmovea.o(.text)
    __aeabi_memcpy                           0x0800042f   Thumb Code    64  memmovea.o(.text)
    __aeabi_memcpy4                          0x0800042f   Thumb Code     0  memmovea.o(.text)
    __aeabi_memmove                          0x0800042f   Thumb Code     0  memmovea.o(.text)
    __aeabi_memmove4                         0x0800042f   Thumb Code     0  memmovea.o(.text)
    __aeabi_memmove8                         0x0800042f   Thumb Code     0  memmovea.o(.text)
    __aeabi_memset                           0x0800046f   Thumb Code    14  memseta.o(.text)
    __aeabi_memset4                          0x0800046f   Thumb Code     0  memseta.o(.text)
    __aeabi_memset8                          0x0800046f   Thumb Code     0  memseta.o(.text)
    __aeabi_memclr                           0x0800047d   Thumb Code     4  memseta.o(.text)
    __aeabi_memclr4                          0x0800047d   Thumb Code     0  memseta.o(.text)
    __aeabi_memclr8                          0x0800047d   Thumb Code     0  memseta.o(.text)
    memset                                   0x08000481   Thumb Code    18  memseta.o(.text)
    __aeabi_llsl                             0x08000493   Thumb Code    30  llshl.o(.text)
    _ll_shift_l                              0x08000493   Thumb Code     0  llshl.o(.text)
    __aeabi_llsr                             0x080004b1   Thumb Code    32  llushr.o(.text)
    _ll_ushift_r                             0x080004b1   Thumb Code     0  llushr.o(.text)
    __scatterload                            0x080004d1   Thumb Code    28  init.o(.text)
    __scatterload_rt2                        0x080004d1   Thumb Code     0  init.o(.text)
    BusFault_Handler                         0x080004f5   Thumb Code     4  stm32h7xx_it.o(i.BusFault_Handler)
    CalculateChecksumTx                      0x080004f9   Thumb Code    54  servo.o(i.CalculateChecksumTx)
    DebugMon_Handler                         0x0800052f   Thumb Code     2  stm32h7xx_it.o(i.DebugMon_Handler)
    DigitalOutputTestTask                    0x08000531   Thumb Code   204  freertos.o(i.DigitalOutputTestTask)
    DigitalQuantity_Input                    0x0800061d   Thumb Code   338  digital_quantity.o(i.DigitalQuantity_Input)
    DigitalQuantity_Output                   0x08000789   Thumb Code   340  digital_quantity.o(i.DigitalQuantity_Output)
    ETH_IRQHandler                           0x080008e9   Thumb Code    10  stm32h7xx_it.o(i.ETH_IRQHandler)
    ETH_PHY_IO_DeInit                        0x080008f9   Thumb Code     4  ethernetif.o(i.ETH_PHY_IO_DeInit)
    ETH_PHY_IO_GetTick                       0x080008fd   Thumb Code     8  ethernetif.o(i.ETH_PHY_IO_GetTick)
    ETH_PHY_IO_Init                          0x08000905   Thumb Code    12  ethernetif.o(i.ETH_PHY_IO_Init)
    ETH_PHY_IO_ReadReg                       0x08000915   Thumb Code    32  ethernetif.o(i.ETH_PHY_IO_ReadReg)
    ETH_PHY_IO_WriteReg                      0x08000939   Thumb Code    32  ethernetif.o(i.ETH_PHY_IO_WriteReg)
    Error_Handler                            0x0800095d   Thumb Code     6  main.o(i.Error_Handler)
    ExitRun0Mode                             0x08000965   Thumb Code    30  system_stm32h7xx.o(i.ExitRun0Mode)
    FDCAN2_IT0_IRQHandler                    0x08000989   Thumb Code    10  stm32h7xx_it.o(i.FDCAN2_IT0_IRQHandler)
    FDCAN2_Send_Msg                          0x08000999   Thumb Code    82  fdcan.o(i.FDCAN2_Send_Msg)
    HAL_DMA_Abort                            0x08000ce9   Thumb Code  1236  stm32h7xx_hal_dma.o(i.HAL_DMA_Abort)
    HAL_DMA_Abort_IT                         0x080011c5   Thumb Code   906  stm32h7xx_hal_dma.o(i.HAL_DMA_Abort_IT)
    HAL_Delay                                0x0800155d   Thumb Code    36  stm32h7xx_hal.o(i.HAL_Delay)
    HAL_ETH_EEECallback                      0x08001585   Thumb Code     2  stm32h7xx_hal_eth.o(i.HAL_ETH_EEECallback)
    HAL_ETH_ErrorCallback                    0x08001589   Thumb Code    28  ethernetif.o(i.HAL_ETH_ErrorCallback)
    HAL_ETH_GetDMAError                      0x080015a9   Thumb Code     8  stm32h7xx_hal_eth.o(i.HAL_ETH_GetDMAError)
    HAL_ETH_IRQHandler                       0x080015b1   Thumb Code   368  stm32h7xx_hal_eth.o(i.HAL_ETH_IRQHandler)
    HAL_ETH_PMTCallback                      0x08001725   Thumb Code     2  stm32h7xx_hal_eth.o(i.HAL_ETH_PMTCallback)
    HAL_ETH_ReadPHYRegister                  0x08001727   Thumb Code   120  stm32h7xx_hal_eth.o(i.HAL_ETH_ReadPHYRegister)
    HAL_ETH_RxCpltCallback                   0x080017a1   Thumb Code    14  ethernetif.o(i.HAL_ETH_RxCpltCallback)
    HAL_ETH_SetMDIOClockRange                0x080017b5   Thumb Code    88  stm32h7xx_hal_eth.o(i.HAL_ETH_SetMDIOClockRange)
    HAL_ETH_TxCpltCallback                   0x08001821   Thumb Code    14  ethernetif.o(i.HAL_ETH_TxCpltCallback)
    HAL_ETH_WakeUpCallback                   0x08001835   Thumb Code     2  stm32h7xx_hal_eth.o(i.HAL_ETH_WakeUpCallback)
    HAL_ETH_WritePHYRegister                 0x08001839   Thumb Code   118  stm32h7xx_hal_eth.o(i.HAL_ETH_WritePHYRegister)
    HAL_FDCAN_ActivateNotification           0x080018b9   Thumb Code   158  stm32h7xx_hal_fdcan.o(i.HAL_FDCAN_ActivateNotification)
    HAL_FDCAN_AddMessageToTxFifoQ            0x08001961   Thumb Code   144  stm32h7xx_hal_fdcan.o(i.HAL_FDCAN_AddMessageToTxFifoQ)
    HAL_FDCAN_ClockCalibrationCallback       0x080019f1   Thumb Code     2  stm32h7xx_hal_fdcan.o(i.HAL_FDCAN_ClockCalibrationCallback)
    HAL_FDCAN_ConfigFilter                   0x080019f3   Thumb Code   168  stm32h7xx_hal_fdcan.o(i.HAL_FDCAN_ConfigFilter)
    HAL_FDCAN_ConfigGlobalFilter             0x08001a9b   Thumb Code    52  stm32h7xx_hal_fdcan.o(i.HAL_FDCAN_ConfigGlobalFilter)
    HAL_FDCAN_ErrorCallback                  0x08001acf   Thumb Code     2  stm32h7xx_hal_fdcan.o(i.HAL_FDCAN_ErrorCallback)
    HAL_FDCAN_ErrorStatusCallback            0x08001ad1   Thumb Code     2  stm32h7xx_hal_fdcan.o(i.HAL_FDCAN_ErrorStatusCallback)
    HAL_FDCAN_GetRxMessage                   0x08001ad5   Thumb Code   494  stm32h7xx_hal_fdcan.o(i.HAL_FDCAN_GetRxMessage)
    HAL_FDCAN_GetTxFifoFreeLevel             0x08001cc9   Thumb Code    14  stm32h7xx_hal_fdcan.o(i.HAL_FDCAN_GetTxFifoFreeLevel)
    HAL_FDCAN_HighPriorityMessageCallback    0x08001cd7   Thumb Code     2  stm32h7xx_hal_fdcan.o(i.HAL_FDCAN_HighPriorityMessageCallback)
    HAL_FDCAN_IRQHandler                     0x08001cd9   Thumb Code   966  stm32h7xx_hal_fdcan.o(i.HAL_FDCAN_IRQHandler)
    HAL_FDCAN_Init                           0x080020ad   Thumb Code   726  stm32h7xx_hal_fdcan.o(i.HAL_FDCAN_Init)
    HAL_FDCAN_MspInit                        0x0800238d   Thumb Code   162  fdcan.o(i.HAL_FDCAN_MspInit)
    HAL_FDCAN_RxBufferNewMessageCallback     0x0800243d   Thumb Code     2  stm32h7xx_hal_fdcan.o(i.HAL_FDCAN_RxBufferNewMessageCallback)
    HAL_FDCAN_RxFifo0Callback                0x08002441   Thumb Code   110  stm32h7xx_it.o(i.HAL_FDCAN_RxFifo0Callback)
    HAL_FDCAN_RxFifo1Callback                0x080024d1   Thumb Code     2  stm32h7xx_hal_fdcan.o(i.HAL_FDCAN_RxFifo1Callback)
    HAL_FDCAN_Start                          0x080024d3   Thumb Code    52  stm32h7xx_hal_fdcan.o(i.HAL_FDCAN_Start)
    HAL_FDCAN_TT_GlobalTimeCallback          0x08002507   Thumb Code     2  stm32h7xx_hal_fdcan.o(i.HAL_FDCAN_TT_GlobalTimeCallback)
    HAL_FDCAN_TT_ScheduleSyncCallback        0x08002509   Thumb Code     2  stm32h7xx_hal_fdcan.o(i.HAL_FDCAN_TT_ScheduleSyncCallback)
    HAL_FDCAN_TT_StopWatchCallback           0x0800250b   Thumb Code     2  stm32h7xx_hal_fdcan.o(i.HAL_FDCAN_TT_StopWatchCallback)
    HAL_FDCAN_TT_TimeMarkCallback            0x0800250d   Thumb Code     2  stm32h7xx_hal_fdcan.o(i.HAL_FDCAN_TT_TimeMarkCallback)
    HAL_FDCAN_TimeoutOccurredCallback        0x0800250f   Thumb Code     2  stm32h7xx_hal_fdcan.o(i.HAL_FDCAN_TimeoutOccurredCallback)
    HAL_FDCAN_TimestampWraparoundCallback    0x08002511   Thumb Code     2  stm32h7xx_hal_fdcan.o(i.HAL_FDCAN_TimestampWraparoundCallback)
    HAL_FDCAN_TxBufferAbortCallback          0x08002513   Thumb Code     2  stm32h7xx_hal_fdcan.o(i.HAL_FDCAN_TxBufferAbortCallback)
    HAL_FDCAN_TxBufferCompleteCallback       0x08002515   Thumb Code     2  stm32h7xx_hal_fdcan.o(i.HAL_FDCAN_TxBufferCompleteCallback)
    HAL_FDCAN_TxEventFifoCallback            0x08002517   Thumb Code     2  stm32h7xx_hal_fdcan.o(i.HAL_FDCAN_TxEventFifoCallback)
    HAL_FDCAN_TxFifoEmptyCallback            0x08002519   Thumb Code     2  stm32h7xx_hal_fdcan.o(i.HAL_FDCAN_TxFifoEmptyCallback)
    HAL_GPIO_Init                            0x0800251d   Thumb Code   446  stm32h7xx_hal_gpio.o(i.HAL_GPIO_Init)
    HAL_GPIO_ReadPin                         0x0800270d   Thumb Code    16  stm32h7xx_hal_gpio.o(i.HAL_GPIO_ReadPin)
    HAL_GPIO_WritePin                        0x0800271d   Thumb Code    12  stm32h7xx_hal_gpio.o(i.HAL_GPIO_WritePin)
    HAL_GetTick                              0x08002729   Thumb Code     6  stm32h7xx_hal.o(i.HAL_GetTick)
    HAL_HCD_Init                             0x08002735   Thumb Code   122  stm32h7xx_hal_hcd.o(i.HAL_HCD_Init)
    HAL_HCD_MspInit                          0x080027b1   Thumb Code    84  usb_otg.o(i.HAL_HCD_MspInit)
    HAL_IncTick                              0x0800280d   Thumb Code    16  stm32h7xx_hal.o(i.HAL_IncTick)
    HAL_Init                                 0x08002825   Thumb Code    80  stm32h7xx_hal.o(i.HAL_Init)
    HAL_InitTick                             0x08002885   Thumb Code   140  stm32h7xx_hal_timebase_tim.o(i.HAL_InitTick)
    HAL_MPU_ConfigRegion                     0x08002925   Thumb Code    86  stm32h7xx_hal_cortex.o(i.HAL_MPU_ConfigRegion)
    HAL_MPU_Disable                          0x08002981   Thumb Code    38  stm32h7xx_hal_cortex.o(i.HAL_MPU_Disable)
    HAL_MPU_Enable                           0x080029ad   Thumb Code    58  stm32h7xx_hal_cortex.o(i.HAL_MPU_Enable)
    HAL_MspInit                              0x080029ed   Thumb Code    42  stm32h7xx_hal_msp.o(i.HAL_MspInit)
    HAL_NVIC_EnableIRQ                       0x08002a1d   Thumb Code    40  stm32h7xx_hal_cortex.o(i.HAL_NVIC_EnableIRQ)
    HAL_NVIC_SetPriority                     0x08002a45   Thumb Code   122  stm32h7xx_hal_cortex.o(i.HAL_NVIC_SetPriority)
    HAL_NVIC_SetPriorityGrouping             0x08002ac1   Thumb Code    32  stm32h7xx_hal_cortex.o(i.HAL_NVIC_SetPriorityGrouping)
    HAL_PWREx_ConfigSupply                   0x08002ae9   Thumb Code    90  stm32h7xx_hal_pwr_ex.o(i.HAL_PWREx_ConfigSupply)
    HAL_PWREx_EnableUSBVoltageDetector       0x08002b49   Thumb Code    14  stm32h7xx_hal_pwr_ex.o(i.HAL_PWREx_EnableUSBVoltageDetector)
    HAL_RCCEx_GetD3PCLK1Freq                 0x08002b5d   Thumb Code    26  stm32h7xx_hal_rcc_ex.o(i.HAL_RCCEx_GetD3PCLK1Freq)
    HAL_RCCEx_GetPLL2ClockFreq               0x08002b81   Thumb Code   536  stm32h7xx_hal_rcc_ex.o(i.HAL_RCCEx_GetPLL2ClockFreq)
    HAL_RCCEx_GetPLL3ClockFreq               0x08002db1   Thumb Code   536  stm32h7xx_hal_rcc_ex.o(i.HAL_RCCEx_GetPLL3ClockFreq)
    HAL_RCCEx_PeriphCLKConfig                0x08002fe1   Thumb Code  3272  stm32h7xx_hal_rcc_ex.o(i.HAL_RCCEx_PeriphCLKConfig)
    HAL_RCC_ClockConfig                      0x08003ca9   Thumb Code   774  stm32h7xx_hal_rcc.o(i.HAL_RCC_ClockConfig)
    HAL_RCC_GetClockConfig                   0x08003fc9   Thumb Code    98  stm32h7xx_hal_rcc.o(i.HAL_RCC_GetClockConfig)
    HAL_RCC_GetHCLKFreq                      0x08004035   Thumb Code    60  stm32h7xx_hal_rcc.o(i.HAL_RCC_GetHCLKFreq)
    HAL_RCC_GetPCLK1Freq                     0x08004081   Thumb Code    26  stm32h7xx_hal_rcc.o(i.HAL_RCC_GetPCLK1Freq)
    HAL_RCC_GetPCLK2Freq                     0x080040a5   Thumb Code    26  stm32h7xx_hal_rcc.o(i.HAL_RCC_GetPCLK2Freq)
    HAL_RCC_GetSysClockFreq                  0x080040c9   Thumb Code   524  stm32h7xx_hal_rcc.o(i.HAL_RCC_GetSysClockFreq)
    HAL_RCC_OscConfig                        0x080042f5   Thumb Code  1874  stm32h7xx_hal_rcc.o(i.HAL_RCC_OscConfig)
    HAL_TIMEx_Break2Callback                 0x08004a51   Thumb Code     2  stm32h7xx_hal_tim_ex.o(i.HAL_TIMEx_Break2Callback)
    HAL_TIMEx_BreakCallback                  0x08004a53   Thumb Code     2  stm32h7xx_hal_tim_ex.o(i.HAL_TIMEx_BreakCallback)
    HAL_TIMEx_CommutCallback                 0x08004a55   Thumb Code     2  stm32h7xx_hal_tim_ex.o(i.HAL_TIMEx_CommutCallback)
    HAL_TIMEx_MasterConfigSynchronization    0x08004a59   Thumb Code   190  stm32h7xx_hal_tim_ex.o(i.HAL_TIMEx_MasterConfigSynchronization)
    HAL_TIM_Base_Init                        0x08004b3d   Thumb Code   110  stm32h7xx_hal_tim.o(i.HAL_TIM_Base_Init)
    HAL_TIM_Base_MspInit                     0x08004bad   Thumb Code   112  tim.o(i.HAL_TIM_Base_MspInit)
    HAL_TIM_Base_Start_IT                    0x08004c25   Thumb Code   162  stm32h7xx_hal_tim.o(i.HAL_TIM_Base_Start_IT)
    HAL_TIM_Base_Stop_IT                     0x08004cf1   Thumb Code    62  stm32h7xx_hal_tim.o(i.HAL_TIM_Base_Stop_IT)
    HAL_TIM_ConfigClockSource                0x08004d31   Thumb Code   304  stm32h7xx_hal_tim.o(i.HAL_TIM_ConfigClockSource)
    HAL_TIM_Encoder_Init                     0x08004e65   Thumb Code   198  stm32h7xx_hal_tim.o(i.HAL_TIM_Encoder_Init)
    HAL_TIM_Encoder_MspInit                  0x08004f31   Thumb Code   114  tim.o(i.HAL_TIM_Encoder_MspInit)
    HAL_TIM_IC_CaptureCallback               0x08004fb1   Thumb Code     2  stm32h7xx_hal_tim.o(i.HAL_TIM_IC_CaptureCallback)
    HAL_TIM_IRQHandler                       0x08004fb3   Thumb Code   408  stm32h7xx_hal_tim.o(i.HAL_TIM_IRQHandler)
    HAL_TIM_OC_DelayElapsedCallback          0x0800514b   Thumb Code     2  stm32h7xx_hal_tim.o(i.HAL_TIM_OC_DelayElapsedCallback)
    HAL_TIM_PWM_PulseFinishedCallback        0x0800514d   Thumb Code     2  stm32h7xx_hal_tim.o(i.HAL_TIM_PWM_PulseFinishedCallback)
    HAL_TIM_PeriodElapsedCallback            0x08005151   Thumb Code   224  main.o(i.HAL_TIM_PeriodElapsedCallback)
    HAL_TIM_TriggerCallback                  0x0800524d   Thumb Code     2  stm32h7xx_hal_tim.o(i.HAL_TIM_TriggerCallback)
    HAL_UARTEx_DisableFifoMode               0x0800524f   Thumb Code    78  stm32h7xx_hal_uart_ex.o(i.HAL_UARTEx_DisableFifoMode)
    HAL_UARTEx_RxEventCallback               0x0800529d   Thumb Code     2  stm32h7xx_hal_uart.o(i.HAL_UARTEx_RxEventCallback)
    HAL_UARTEx_RxFifoFullCallback            0x0800529f   Thumb Code     2  stm32h7xx_hal_uart_ex.o(i.HAL_UARTEx_RxFifoFullCallback)
    HAL_UARTEx_SetRxFifoThreshold            0x080052a1   Thumb Code    94  stm32h7xx_hal_uart_ex.o(i.HAL_UARTEx_SetRxFifoThreshold)
    HAL_UARTEx_SetTxFifoThreshold            0x080052ff   Thumb Code    94  stm32h7xx_hal_uart_ex.o(i.HAL_UARTEx_SetTxFifoThreshold)
    HAL_UARTEx_TxFifoEmptyCallback           0x0800535d   Thumb Code     2  stm32h7xx_hal_uart_ex.o(i.HAL_UARTEx_TxFifoEmptyCallback)
    HAL_UARTEx_WakeupCallback                0x0800535f   Thumb Code     2  stm32h7xx_hal_uart_ex.o(i.HAL_UARTEx_WakeupCallback)
    HAL_UART_ErrorCallback                   0x08005361   Thumb Code     2  stm32h7xx_hal_uart.o(i.HAL_UART_ErrorCallback)
    HAL_UART_IRQHandler                      0x08005365   Thumb Code  1206  stm32h7xx_hal_uart.o(i.HAL_UART_IRQHandler)
    HAL_UART_Init                            0x0800581b   Thumb Code   120  stm32h7xx_hal_uart.o(i.HAL_UART_Init)
    HAL_UART_MspInit                         0x08005895   Thumb Code   568  usart.o(i.HAL_UART_MspInit)
    HAL_UART_Receive_IT                      0x08005aed   Thumb Code    88  stm32h7xx_hal_uart.o(i.HAL_UART_Receive_IT)
    HAL_UART_RxCpltCallback                  0x08005b49   Thumb Code   482  stm32h7xx_it.o(i.HAL_UART_RxCpltCallback)
    HAL_UART_Transmit                        0x08005d7d   Thumb Code   194  stm32h7xx_hal_uart.o(i.HAL_UART_Transmit)
    HAL_UART_TxCpltCallback                  0x08005e3f   Thumb Code     2  stm32h7xx_hal_uart.o(i.HAL_UART_TxCpltCallback)
    HardFault_Handler                        0x08005e41   Thumb Code     4  stm32h7xx_it.o(i.HardFault_Handler)
    MX_FDCAN2_Init                           0x08005ecd   Thumb Code   186  fdcan.o(i.MX_FDCAN2_Init)
    MX_FREERTOS_Init                         0x08005f95   Thumb Code    56  freertos.o(i.MX_FREERTOS_Init)
    MX_GPIO_Init                             0x08005fed   Thumb Code   534  gpio.o(i.MX_GPIO_Init)
    MX_TIM1_Init                             0x0800621d   Thumb Code   120  tim.o(i.MX_TIM1_Init)
    MX_TIM2_Init                             0x0800629d   Thumb Code   114  tim.o(i.MX_TIM2_Init)
    MX_TIM6_Init                             0x08006315   Thumb Code    76  tim.o(i.MX_TIM6_Init)
    MX_USART10_UART_Init                     0x08006369   Thumb Code    98  usart.o(i.MX_USART10_UART_Init)
    MX_USART2_UART_Init                      0x080063d5   Thumb Code   108  usart.o(i.MX_USART2_UART_Init)
    MX_USART3_UART_Init                      0x0800644d   Thumb Code   108  usart.o(i.MX_USART3_UART_Init)
    MX_USB_OTG_HS_HCD_Init                   0x080064c5   Thumb Code    46  usb_otg.o(i.MX_USB_OTG_HS_HCD_Init)
    MemManage_Handler                        0x080064fd   Thumb Code     4  stm32h7xx_it.o(i.MemManage_Handler)
    NMI_Handler                              0x08006501   Thumb Code     4  stm32h7xx_it.o(i.NMI_Handler)
    RS485PowerTransmit                       0x080067cd   Thumb Code    56  rs485.o(i.RS485PowerTransmit)
    RS485ServoTransmit                       0x0800680d   Thumb Code    58  rs485.o(i.RS485ServoTransmit)
    StartDefaultTask                         0x08006851   Thumb Code    24  freertos.o(i.StartDefaultTask)
    SysTick_Handler                          0x08006879   Thumb Code    22  cmsis_os2.o(i.SysTick_Handler)
    SystemClock_Config                       0x08006891   Thumb Code   176  main.o(i.SystemClock_Config)
    SystemInit                               0x08006945   Thumb Code   236  system_stm32h7xx.o(i.SystemInit)
    TIM2_IRQHandler                          0x08006a51   Thumb Code    10  stm32h7xx_it.o(i.TIM2_IRQHandler)
    TIM4_IRQHandler                          0x08006a61   Thumb Code    10  stm32h7xx_it.o(i.TIM4_IRQHandler)
    TIM6_DAC_IRQHandler                      0x08006a71   Thumb Code    10  stm32h7xx_it.o(i.TIM6_DAC_IRQHandler)
    TIM_Base_SetConfig                       0x08006a81   Thumb Code   190  stm32h7xx_hal_tim.o(i.TIM_Base_SetConfig)
    TIM_ETR_SetConfig                        0x08006b69   Thumb Code    22  stm32h7xx_hal_tim.o(i.TIM_ETR_SetConfig)
    UART_AdvFeatureConfig                    0x08006c41   Thumb Code   248  stm32h7xx_hal_uart.o(i.UART_AdvFeatureConfig)
    UART_CheckIdleState                      0x08006d39   Thumb Code   234  stm32h7xx_hal_uart.o(i.UART_CheckIdleState)
    UART_SetConfig                           0x080074d9   Thumb Code  1558  stm32h7xx_hal_uart.o(i.UART_SetConfig)
    UART_Start_Receive_IT                    0x08007b01   Thumb Code   332  stm32h7xx_hal_uart.o(i.UART_Start_Receive_IT)
    UART_WaitOnFlagUntilTimeout              0x08007c5d   Thumb Code   172  stm32h7xx_hal_uart.o(i.UART_WaitOnFlagUntilTimeout)
    USART10_IRQHandler                       0x08007d09   Thumb Code    10  stm32h7xx_it.o(i.USART10_IRQHandler)
    USART2_IRQHandler                        0x08007d19   Thumb Code    10  stm32h7xx_it.o(i.USART2_IRQHandler)
    USART3_IRQHandler                        0x08007d29   Thumb Code    10  stm32h7xx_it.o(i.USART3_IRQHandler)
    USB_CoreInit                             0x08007d39   Thumb Code   150  stm32h7xx_ll_usb.o(i.USB_CoreInit)
    USB_DisableGlobalInt                     0x08007e2d   Thumb Code    14  stm32h7xx_ll_usb.o(i.USB_DisableGlobalInt)
    USB_FlushRxFifo                          0x08007e3b   Thumb Code    80  stm32h7xx_ll_usb.o(i.USB_FlushRxFifo)
    USB_FlushTxFifo                          0x08007e8b   Thumb Code    84  stm32h7xx_ll_usb.o(i.USB_FlushTxFifo)
    USB_GetMode                              0x08007edf   Thumb Code    10  stm32h7xx_ll_usb.o(i.USB_GetMode)
    USB_HostInit                             0x08007ee9   Thumb Code   204  stm32h7xx_ll_usb.o(i.USB_HostInit)
    USB_SetCurrentMode                       0x08007fc1   Thumb Code   104  stm32h7xx_ll_usb.o(i.USB_SetCurrentMode)
    UsageFault_Handler                       0x08008029   Thumb Code     4  stm32h7xx_it.o(i.UsageFault_Handler)
    __0printf$8                              0x0800802d   Thumb Code    22  printf8.o(i.__0printf$8)
    __1printf$8                              0x0800802d   Thumb Code     0  printf8.o(i.__0printf$8)
    __2printf                                0x0800802d   Thumb Code     0  printf8.o(i.__0printf$8)
    __scatterload_copy                       0x0800808b   Thumb Code    14  handlers.o(i.__scatterload_copy)
    __scatterload_null                       0x08008099   Thumb Code     2  handlers.o(i.__scatterload_null)
    __scatterload_zeroinit                   0x0800809b   Thumb Code    14  handlers.o(i.__scatterload_zeroinit)
    canopen_sdo_read                         0x08008551   Thumb Code    82  canopen.o(i.canopen_sdo_read)
    canopen_sdo_write                        0x080085b1   Thumb Code   178  canopen.o(i.canopen_sdo_write)
    createServoPacket                        0x0800866d   Thumb Code    82  servo.o(i.createServoPacket)
    createSetPositionPacket                  0x080086c1   Thumb Code    92  servo.o(i.createSetPositionPacket)
    fputc                                    0x08008725   Thumb Code    20  main.o(i.fputc)
    main                                     0x08008b29   Thumb Code   358  main.o(i.main)
    modbus_init                              0x08008cd5   Thumb Code    26  modbus.o(i.modbus_init)
    osDelay                                  0x08008cfd   Thumb Code    30  cmsis_os2.o(i.osDelay)
    osKernelInitialize                       0x08008d1d   Thumb Code    38  cmsis_os2.o(i.osKernelInitialize)
    osKernelStart                            0x08008d49   Thumb Code    82  cmsis_os2.o(i.osKernelStart)
    osMessageQueueGet                        0x08008da9   Thumb Code   124  cmsis_os2.o(i.osMessageQueueGet)
    osMessageQueueNew                        0x08008e29   Thumb Code   154  cmsis_os2.o(i.osMessageQueueNew)
    osMessageQueuePut                        0x08008ec5   Thumb Code   128  cmsis_os2.o(i.osMessageQueuePut)
    osSemaphoreRelease                       0x08008f49   Thumb Code    88  cmsis_os2.o(i.osSemaphoreRelease)
    osThreadNew                              0x08008fa5   Thumb Code   184  cmsis_os2.o(i.osThreadNew)
    parse_command                            0x0800905d   Thumb Code   280  freertos.o(i.parse_command)
    parse_command_task                       0x080091f1   Thumb Code    36  freertos.o(i.parse_command_task)
    process_modbus_frame                     0x08009231   Thumb Code   180  modbus.o(i.process_modbus_frame)
    pvPortMalloc                             0x08009d41   Thumb Code   306  heap_4.o(i.pvPortMalloc)
    pvTaskIncrementMutexHeldCount            0x08009e8d   Thumb Code    26  tasks.o(i.pvTaskIncrementMutexHeldCount)
    pxPortInitialiseStack                    0x08009ead   Thumb Code    38  port.o(i.pxPortInitialiseStack)
    sendServoPacket                          0x08009ed9   Thumb Code    28  servo.o(i.sendServoPacket)
    uxListRemove                             0x08009ef5   Thumb Code    40  list.o(i.uxListRemove)
    vApplicationGetIdleTaskMemory            0x08009f1d   Thumb Code    14  cmsis_os2.o(i.vApplicationGetIdleTaskMemory)
    vApplicationGetTimerTaskMemory           0x08009f35   Thumb Code    16  cmsis_os2.o(i.vApplicationGetTimerTaskMemory)
    vListInitialise                          0x08009f4d   Thumb Code    26  list.o(i.vListInitialise)
    vListInitialiseItem                      0x08009f67   Thumb Code     6  list.o(i.vListInitialiseItem)
    vListInsert                              0x08009f6d   Thumb Code    52  list.o(i.vListInsert)
    vListInsertEnd                           0x08009fa1   Thumb Code    24  list.o(i.vListInsertEnd)
    vPortEnterCritical                       0x08009fb9   Thumb Code    76  port.o(i.vPortEnterCritical)
    vPortExitCritical                        0x0800a00d   Thumb Code    56  port.o(i.vPortExitCritical)
    vPortFree                                0x0800a049   Thumb Code   150  heap_4.o(i.vPortFree)
    vPortSetupTimerInterrupt                 0x0800a0ed   Thumb Code    36  port.o(i.vPortSetupTimerInterrupt)
    vPortValidateInterruptPriority           0x0800a115   Thumb Code   106  port.o(i.vPortValidateInterruptPriority)
    vQueueAddToRegistry                      0x0800a18d   Thumb Code    38  queue.o(i.vQueueAddToRegistry)
    vQueueWaitForMessageRestricted           0x0800a1b9   Thumb Code    74  queue.o(i.vQueueWaitForMessageRestricted)
    vTaskDelay                               0x0800a205   Thumb Code    82  tasks.o(i.vTaskDelay)
    vTaskInternalSetTimeOutState             0x0800a261   Thumb Code    14  tasks.o(i.vTaskInternalSetTimeOutState)
    vTaskMissedYield                         0x0800a279   Thumb Code     8  tasks.o(i.vTaskMissedYield)
    vTaskPlaceOnEventList                    0x0800a285   Thumb Code    52  tasks.o(i.vTaskPlaceOnEventList)
    vTaskPlaceOnEventListRestricted          0x0800a2bd   Thumb Code    60  tasks.o(i.vTaskPlaceOnEventListRestricted)
    vTaskPriorityDisinheritAfterTimeout      0x0800a2fd   Thumb Code   194  tasks.o(i.vTaskPriorityDisinheritAfterTimeout)
    vTaskStartScheduler                      0x0800a3cd   Thumb Code   156  tasks.o(i.vTaskStartScheduler)
    vTaskSuspend                             0x0800a485   Thumb Code   176  tasks.o(i.vTaskSuspend)
    vTaskSuspendAll                          0x0800a54d   Thumb Code    12  tasks.o(i.vTaskSuspendAll)
    vTaskSwitchContext                       0x0800a55d   Thumb Code   122  tasks.o(i.vTaskSwitchContext)
    xPortStartScheduler                      0x0800a5ed   Thumb Code   330  port.o(i.xPortStartScheduler)
    xPortSysTickHandler                      0x0800a755   Thumb Code    46  port.o(i.xPortSysTickHandler)
    xQueueCreateMutex                        0x0800a789   Thumb Code    34  queue.o(i.xQueueCreateMutex)
    xQueueGenericCreate                      0x0800a7ab   Thumb Code    90  queue.o(i.xQueueGenericCreate)
    xQueueGenericCreateStatic                0x0800a805   Thumb Code   224  queue.o(i.xQueueGenericCreateStatic)
    xQueueGenericReset                       0x0800a8e5   Thumb Code   146  queue.o(i.xQueueGenericReset)
    xQueueGenericSend                        0x0800a97d   Thumb Code   420  queue.o(i.xQueueGenericSend)
    xQueueGenericSendFromISR                 0x0800ab25   Thumb Code   252  queue.o(i.xQueueGenericSendFromISR)
    xQueueGiveFromISR                        0x0800ac21   Thumb Code   224  queue.o(i.xQueueGiveFromISR)
    xQueueReceive                            0x0800ad01   Thumb Code   356  queue.o(i.xQueueReceive)
    xQueueReceiveFromISR                     0x0800ae69   Thumb Code   202  queue.o(i.xQueueReceiveFromISR)
    xQueueSemaphoreTake                      0x0800af35   Thumb Code   434  queue.o(i.xQueueSemaphoreTake)
    xTaskCheckForTimeOut                     0x0800b0ed   Thumb Code   132  tasks.o(i.xTaskCheckForTimeOut)
    xTaskCreate                              0x0800b179   Thumb Code   100  tasks.o(i.xTaskCreate)
    xTaskCreateStatic                        0x0800b1dd   Thumb Code   186  tasks.o(i.xTaskCreateStatic)
    xTaskGetSchedulerState                   0x0800b299   Thumb Code    24  tasks.o(i.xTaskGetSchedulerState)
    xTaskGetTickCount                        0x0800b2b9   Thumb Code     6  tasks.o(i.xTaskGetTickCount)
    xTaskIncrementTick                       0x0800b2c5   Thumb Code   280  tasks.o(i.xTaskIncrementTick)
    xTaskPriorityDisinherit                  0x0800b409   Thumb Code   152  tasks.o(i.xTaskPriorityDisinherit)
    xTaskPriorityInherit                     0x0800b4ad   Thumb Code   150  tasks.o(i.xTaskPriorityInherit)
    xTaskRemoveFromEventList                 0x0800b551   Thumb Code   126  tasks.o(i.xTaskRemoveFromEventList)
    xTaskResumeAll                           0x0800b5e9   Thumb Code   222  tasks.o(i.xTaskResumeAll)
    xTimerCreateTimerTask                    0x0800b6ed   Thumb Code   100  timers.o(i.xTimerCreateTimerTask)
    xTimerGenericCommand                     0x0800b765   Thumb Code   128  timers.o(i.xTimerGenericCommand)
    defaultTask_attributes                   0x0800b7e8   Data          36  freertos.o(.constdata)
    DigitalTestTask_attributes               0x0800b80c   Data          36  freertos.o(.constdata)
    ServoTask_attributes                     0x0800b830   Data          36  freertos.o(.constdata)
    lwipTask_attributes                      0x0800b854   Data          36  freertos.o(.constdata)
    UARTPrescTable                           0x0800b8d4   Data          24  stm32h7xx_hal_uart.o(.constdata)
    D1CorePrescTable                         0x0800b8fc   Data          16  system_stm32h7xx.o(.constdata)
    Region$$Table$$Base                      0x0800b984   Number         0  anon$$obj.o(Region$$Table)
    Region$$Table$$Limit                     0x0800b9b4   Number         0  anon$$obj.o(Region$$Table)
    rxState                                  0x24000001   Data           1  servo.o(.data)
    rxIndex                                  0x24000002   Data           1  servo.o(.data)
    rxParamCounter                           0x24000003   Data           1  servo.o(.data)
    rxPacketLength                           0x24000004   Data           1  servo.o(.data)
    rxPacketReady                            0x24000005   Data           1  servo.o(.data)
    xI2CMutex                                0x24000010   Data           4  i2c.o(.data)
    defaultTaskHandle                        0x2400001c   Data           4  freertos.o(.data)
    DigitalTestTaskHandle                    0x24000020   Data           4  freertos.o(.data)
    ServoTaskHandle                          0x24000024   Data           4  freertos.o(.data)
    lwipTaskHandle                           0x24000028   Data           4  freertos.o(.data)
    uart_rx_queue                            0x2400002c   Data           4  freertos.o(.data)
    xCanTxMutex                              0x2400003c   Data           4  fdcan.o(.data)
    fdcan2StartFlag                          0x24000040   Data           4  fdcan.o(.data)
    USART2_aRxBuffer                         0x24000044   Data           1  usart.o(.data)
    USART10_aRxBuffer                        0x24000045   Data           1  usart.o(.data)
    USART3_RX_STA                            0x24000048   Data           2  stm32h7xx_it.o(.data)
    USART10_RX_STA                           0x2400004a   Data           2  stm32h7xx_it.o(.data)
    USART2_RX_STA                            0x2400004c   Data           2  stm32h7xx_it.o(.data)
    uwTick                                   0x24000050   Data           4  stm32h7xx_hal.o(.data)
    uwTickPrio                               0x24000054   Data           4  stm32h7xx_hal.o(.data)
    uwTickFreq                               0x24000058   Data           1  stm32h7xx_hal.o(.data)
    SystemCoreClock                          0x2400005c   Data           4  system_stm32h7xx.o(.data)
    SystemD2Clock                            0x24000060   Data           4  system_stm32h7xx.o(.data)
    pxCurrentTCB                             0x24000064   Data           4  tasks.o(.data)
    RxPktSemaphore                           0x240000ec   Data           4  ethernetif.o(.data)
    TxPktSemaphore                           0x240000f0   Data           4  ethernetif.o(.data)
    LAN8742_IOCtx                            0x240000f4   Data          20  ethernetif.o(.data)
    YT8512C_IOCtx                            0x24000108   Data          20  ethernetif.o(.data)
    __stdout                                 0x2400011c   Data           4  stdout.o(.data)
    encoder                                  0x24000120   Data          16  encoder.o(.bss)
    SpeedFilter                              0x24000130   Data          20  encoder.o(.bss)
    rxBuffer                                 0x24000144   Data          32  servo.o(.bss)
    coil_reg                                 0x24000188   Data          16  modbus.o(.bss)
    holding_reg                              0x24000198   Data          64  modbus.o(.bss)
    input_reg                                0x240001d8   Data          32  modbus.o(.bss)
    hmodbus                                  0x240001f8   Data         518  modbus.o(.bss)
    command_buffer                           0x240003fe   Data          50  freertos.o(.bss)
    FDCAN2_RXFilter                          0x2400043c   Data          32  fdcan.o(.bss)
    fdcan2_TxHeader                          0x2400045c   Data          36  fdcan.o(.bss)
    fdcan2_RxHeader                          0x24000480   Data          40  fdcan.o(.bss)
    hfdcan2                                  0x240004a8   Data         160  fdcan.o(.bss)
    htim1                                    0x24000548   Data          76  tim.o(.bss)
    htim2                                    0x24000594   Data          76  tim.o(.bss)
    htim6                                    0x240005e0   Data          76  tim.o(.bss)
    USART2_RX_BUF                            0x2400062c   Data         200  usart.o(.bss)
    USART10_RX_BUF                           0x240006f4   Data         200  usart.o(.bss)
    huart2                                   0x240007bc   Data         148  usart.o(.bss)
    huart3                                   0x24000850   Data         148  usart.o(.bss)
    huart10                                  0x240008e4   Data         148  usart.o(.bss)
    hhcd_USB_OTG_HS                          0x24000978   Data         992  usb_otg.o(.bss)
    stm32h7xx_command_buffer                 0x24000d58   Data          50  stm32h7xx_it.o(.bss)
    htim4                                    0x24000d8c   Data          76  stm32h7xx_hal_timebase_tim.o(.bss)
    xQueueRegistry                           0x24000dd8   Data          64  queue.o(.bss)
    heth                                     0x24001aac   Data         176  ethernetif.o(.bss)
    TxConfig                                 0x24001b5c   Data          56  ethernetif.o(.bss)
    LAN8742                                  0x24001b94   Data          32  ethernetif.o(.bss)
    YT8512C                                  0x24001bb4   Data          32  ethernetif.o(.bss)
    __initial_sp                             0x240023d8   Data           0  startup_stm32h723xx.o(STACK)
    DMARxDscrTab                             0x30000000   Data          96  ethernetif.o(.ARM.__AT_0x30000000)
    DMATxDscrTab                             0x30000200   Data          96  ethernetif.o(.ARM.__AT_0x30000200)



==============================================================================

Memory Map of the image

  Image Entry point : 0x080002cd

  Load Region LR_IROM1 (Base: 0x08000000, Size: 0x0000bad4, Max: 0x00100000, ABSOLUTE)

    Execution Region ER_IROM1 (Base: 0x08000000, Size: 0x0000b9b4, Max: 0x00100000, ABSOLUTE)

    Base Addr    Size         Type   Attr      Idx    E Section Name        Object

    0x08000000   0x000002cc   Data   RO            3    RESET               startup_stm32h723xx.o
    0x080002cc   0x00000000   Code   RO        14268  * .ARM.Collect$$$$00000000  mc_w.l(entry.o)
    0x080002cc   0x00000004   Code   RO        14585    .ARM.Collect$$$$00000001  mc_w.l(entry2.o)
    0x080002d0   0x00000004   Code   RO        14588    .ARM.Collect$$$$00000004  mc_w.l(entry5.o)
    0x080002d4   0x00000000   Code   RO        14590    .ARM.Collect$$$$00000008  mc_w.l(entry7b.o)
    0x080002d4   0x00000000   Code   RO        14592    .ARM.Collect$$$$0000000A  mc_w.l(entry8b.o)
    0x080002d4   0x00000008   Code   RO        14593    .ARM.Collect$$$$0000000B  mc_w.l(entry9a.o)
    0x080002dc   0x00000000   Code   RO        14595    .ARM.Collect$$$$0000000D  mc_w.l(entry10a.o)
    0x080002dc   0x00000000   Code   RO        14597    .ARM.Collect$$$$0000000F  mc_w.l(entry11a.o)
    0x080002dc   0x00000004   Code   RO        14586    .ARM.Collect$$$$00002712  mc_w.l(entry2.o)
    0x080002e0   0x000000be   Code   RO         9200    .emb_text           port.o
    0x0800039e   0x00000002   PAD
    0x080003a0   0x0000002c   Code   RO            4    .text               startup_stm32h723xx.o
    0x080003cc   0x00000062   Code   RO        14271    .text               mc_w.l(uldiv.o)
    0x0800042e   0x00000040   Code   RO        14306    .text               mc_w.l(memmovea.o)
    0x0800046e   0x00000024   Code   RO        14310    .text               mc_w.l(memseta.o)
    0x08000492   0x0000001e   Code   RO        14602    .text               mc_w.l(llshl.o)
    0x080004b0   0x00000020   Code   RO        14604    .text               mc_w.l(llushr.o)
    0x080004d0   0x00000024   Code   RO        14626    .text               mc_w.l(init.o)
    0x080004f4   0x00000004   Code   RO         1545    i.BusFault_Handler  stm32h7xx_it.o
    0x080004f8   0x00000036   Code   RO          286    i.CalculateChecksumTx  servo.o
    0x0800052e   0x00000002   Code   RO         1546    i.DebugMon_Handler  stm32h7xx_it.o
    0x08000530   0x000000ec   Code   RO         1224    i.DigitalOutputTestTask  freertos.o
    0x0800061c   0x0000016c   Code   RO           13    i.DigitalQuantity_Input  digital_quantity.o
    0x08000788   0x00000160   Code   RO           14    i.DigitalQuantity_Output  digital_quantity.o
    0x080008e8   0x00000010   Code   RO         1547    i.ETH_IRQHandler    stm32h7xx_it.o
    0x080008f8   0x00000004   Code   RO         9280    i.ETH_PHY_IO_DeInit  ethernetif.o
    0x080008fc   0x00000008   Code   RO         9281    i.ETH_PHY_IO_GetTick  ethernetif.o
    0x08000904   0x00000010   Code   RO         9282    i.ETH_PHY_IO_Init   ethernetif.o
    0x08000914   0x00000024   Code   RO         9283    i.ETH_PHY_IO_ReadReg  ethernetif.o
    0x08000938   0x00000024   Code   RO         9284    i.ETH_PHY_IO_WriteReg  ethernetif.o
    0x0800095c   0x00000006   Code   RO         1065    i.Error_Handler     main.o
    0x08000962   0x00000002   PAD
    0x08000964   0x00000024   Code   RO         7443    i.ExitRun0Mode      system_stm32h7xx.o
    0x08000988   0x00000010   Code   RO         1548    i.FDCAN2_IT0_IRQHandler  stm32h7xx_it.o
    0x08000998   0x00000060   Code   RO         1328    i.FDCAN2_Send_Msg   fdcan.o
    0x080009f8   0x00000220   Code   RO         5778    i.FDCAN_CalcultateRamBlockAddresses  stm32h7xx_hal_fdcan.o
    0x08000c18   0x000000d0   Code   RO         5779    i.FDCAN_CopyMessageToRAM  stm32h7xx_hal_fdcan.o
    0x08000ce8   0x000004dc   Code   RO         3984    i.HAL_DMA_Abort     stm32h7xx_hal_dma.o
    0x080011c4   0x00000398   Code   RO         3985    i.HAL_DMA_Abort_IT  stm32h7xx_hal_dma.o
    0x0800155c   0x00000028   Code   RO         4839    i.HAL_Delay         stm32h7xx_hal.o
    0x08001584   0x00000002   Code   RO         2773    i.HAL_ETH_EEECallback  stm32h7xx_hal_eth.o
    0x08001586   0x00000002   PAD
    0x08001588   0x00000020   Code   RO         9285    i.HAL_ETH_ErrorCallback  ethernetif.o
    0x080015a8   0x00000008   Code   RO         2778    i.HAL_ETH_GetDMAError  stm32h7xx_hal_eth.o
    0x080015b0   0x00000174   Code   RO         2787    i.HAL_ETH_IRQHandler  stm32h7xx_hal_eth.o
    0x08001724   0x00000002   Code   RO         2791    i.HAL_ETH_PMTCallback  stm32h7xx_hal_eth.o
    0x08001726   0x00000078   Code   RO         2793    i.HAL_ETH_ReadPHYRegister  stm32h7xx_hal_eth.o
    0x0800179e   0x00000002   PAD
    0x080017a0   0x00000014   Code   RO         9289    i.HAL_ETH_RxCpltCallback  ethernetif.o
    0x080017b4   0x0000006c   Code   RO         2805    i.HAL_ETH_SetMDIOClockRange  stm32h7xx_hal_eth.o
    0x08001820   0x00000014   Code   RO         9291    i.HAL_ETH_TxCpltCallback  ethernetif.o
    0x08001834   0x00000002   Code   RO         2820    i.HAL_ETH_WakeUpCallback  stm32h7xx_hal_eth.o
    0x08001836   0x00000002   PAD
    0x08001838   0x00000080   Code   RO         2821    i.HAL_ETH_WritePHYRegister  stm32h7xx_hal_eth.o
    0x080018b8   0x000000a8   Code   RO         5781    i.HAL_FDCAN_ActivateNotification  stm32h7xx_hal_fdcan.o
    0x08001960   0x00000090   Code   RO         5783    i.HAL_FDCAN_AddMessageToTxFifoQ  stm32h7xx_hal_fdcan.o
    0x080019f0   0x00000002   Code   RO         5784    i.HAL_FDCAN_ClockCalibrationCallback  stm32h7xx_hal_fdcan.o
    0x080019f2   0x000000a8   Code   RO         5788    i.HAL_FDCAN_ConfigFilter  stm32h7xx_hal_fdcan.o
    0x08001a9a   0x00000034   Code   RO         5789    i.HAL_FDCAN_ConfigGlobalFilter  stm32h7xx_hal_fdcan.o
    0x08001ace   0x00000002   Code   RO         5810    i.HAL_FDCAN_ErrorCallback  stm32h7xx_hal_fdcan.o
    0x08001ad0   0x00000002   Code   RO         5811    i.HAL_FDCAN_ErrorStatusCallback  stm32h7xx_hal_fdcan.o
    0x08001ad2   0x00000002   PAD
    0x08001ad4   0x000001f4   Code   RO         5822    i.HAL_FDCAN_GetRxMessage  stm32h7xx_hal_fdcan.o
    0x08001cc8   0x0000000e   Code   RO         5827    i.HAL_FDCAN_GetTxFifoFreeLevel  stm32h7xx_hal_fdcan.o
    0x08001cd6   0x00000002   Code   RO         5828    i.HAL_FDCAN_HighPriorityMessageCallback  stm32h7xx_hal_fdcan.o
    0x08001cd8   0x000003d4   Code   RO         5829    i.HAL_FDCAN_IRQHandler  stm32h7xx_hal_fdcan.o
    0x080020ac   0x000002e0   Code   RO         5830    i.HAL_FDCAN_Init    stm32h7xx_hal_fdcan.o
    0x0800238c   0x000000b0   Code   RO         1330    i.HAL_FDCAN_MspInit  fdcan.o
    0x0800243c   0x00000002   Code   RO         5839    i.HAL_FDCAN_RxBufferNewMessageCallback  stm32h7xx_hal_fdcan.o
    0x0800243e   0x00000002   PAD
    0x08002440   0x00000090   Code   RO         1549    i.HAL_FDCAN_RxFifo0Callback  stm32h7xx_it.o
    0x080024d0   0x00000002   Code   RO         5841    i.HAL_FDCAN_RxFifo1Callback  stm32h7xx_hal_fdcan.o
    0x080024d2   0x00000034   Code   RO         5842    i.HAL_FDCAN_Start   stm32h7xx_hal_fdcan.o
    0x08002506   0x00000002   Code   RO         5864    i.HAL_FDCAN_TT_GlobalTimeCallback  stm32h7xx_hal_fdcan.o
    0x08002508   0x00000002   Code   RO         5865    i.HAL_FDCAN_TT_ScheduleSyncCallback  stm32h7xx_hal_fdcan.o
    0x0800250a   0x00000002   Code   RO         5870    i.HAL_FDCAN_TT_StopWatchCallback  stm32h7xx_hal_fdcan.o
    0x0800250c   0x00000002   Code   RO         5871    i.HAL_FDCAN_TT_TimeMarkCallback  stm32h7xx_hal_fdcan.o
    0x0800250e   0x00000002   Code   RO         5872    i.HAL_FDCAN_TimeoutOccurredCallback  stm32h7xx_hal_fdcan.o
    0x08002510   0x00000002   Code   RO         5873    i.HAL_FDCAN_TimestampWraparoundCallback  stm32h7xx_hal_fdcan.o
    0x08002512   0x00000002   Code   RO         5874    i.HAL_FDCAN_TxBufferAbortCallback  stm32h7xx_hal_fdcan.o
    0x08002514   0x00000002   Code   RO         5875    i.HAL_FDCAN_TxBufferCompleteCallback  stm32h7xx_hal_fdcan.o
    0x08002516   0x00000002   Code   RO         5876    i.HAL_FDCAN_TxEventFifoCallback  stm32h7xx_hal_fdcan.o
    0x08002518   0x00000002   Code   RO         5877    i.HAL_FDCAN_TxFifoEmptyCallback  stm32h7xx_hal_fdcan.o
    0x0800251a   0x00000002   PAD
    0x0800251c   0x000001f0   Code   RO         3832    i.HAL_GPIO_Init     stm32h7xx_hal_gpio.o
    0x0800270c   0x00000010   Code   RO         3834    i.HAL_GPIO_ReadPin  stm32h7xx_hal_gpio.o
    0x0800271c   0x0000000c   Code   RO         3836    i.HAL_GPIO_WritePin  stm32h7xx_hal_gpio.o
    0x08002728   0x0000000c   Code   RO         4855    i.HAL_GetTick       stm32h7xx_hal.o
    0x08002734   0x0000007a   Code   RO         6960    i.HAL_HCD_Init      stm32h7xx_hal_hcd.o
    0x080027ae   0x00000002   PAD
    0x080027b0   0x0000005c   Code   RO         1504    i.HAL_HCD_MspInit   usb_otg.o
    0x0800280c   0x00000018   Code   RO         4861    i.HAL_IncTick       stm32h7xx_hal.o
    0x08002824   0x00000060   Code   RO         4862    i.HAL_Init          stm32h7xx_hal.o
    0x08002884   0x000000a0   Code   RO         1696    i.HAL_InitTick      stm32h7xx_hal_timebase_tim.o
    0x08002924   0x0000005c   Code   RO         4675    i.HAL_MPU_ConfigRegion  stm32h7xx_hal_cortex.o
    0x08002980   0x0000002c   Code   RO         4676    i.HAL_MPU_Disable   stm32h7xx_hal_cortex.o
    0x080029ac   0x00000040   Code   RO         4678    i.HAL_MPU_Enable    stm32h7xx_hal_cortex.o
    0x080029ec   0x00000030   Code   RO         1672    i.HAL_MspInit       stm32h7xx_hal_msp.o
    0x08002a1c   0x00000028   Code   RO         4682    i.HAL_NVIC_EnableIRQ  stm32h7xx_hal_cortex.o
    0x08002a44   0x0000007a   Code   RO         4688    i.HAL_NVIC_SetPriority  stm32h7xx_hal_cortex.o
    0x08002abe   0x00000002   PAD
    0x08002ac0   0x00000028   Code   RO         4689    i.HAL_NVIC_SetPriorityGrouping  stm32h7xx_hal_cortex.o
    0x08002ae8   0x00000060   Code   RO         4433    i.HAL_PWREx_ConfigSupply  stm32h7xx_hal_pwr_ex.o
    0x08002b48   0x00000014   Code   RO         4450    i.HAL_PWREx_EnableUSBVoltageDetector  stm32h7xx_hal_pwr_ex.o
    0x08002b5c   0x00000024   Code   RO         3375    i.HAL_RCCEx_GetD3PCLK1Freq  stm32h7xx_hal_rcc_ex.o
    0x08002b80   0x00000230   Code   RO         3377    i.HAL_RCCEx_GetPLL2ClockFreq  stm32h7xx_hal_rcc_ex.o
    0x08002db0   0x00000230   Code   RO         3378    i.HAL_RCCEx_GetPLL3ClockFreq  stm32h7xx_hal_rcc_ex.o
    0x08002fe0   0x00000cc8   Code   RO         3384    i.HAL_RCCEx_PeriphCLKConfig  stm32h7xx_hal_rcc_ex.o
    0x08003ca8   0x00000320   Code   RO         3260    i.HAL_RCC_ClockConfig  stm32h7xx_hal_rcc.o
    0x08003fc8   0x0000006c   Code   RO         3264    i.HAL_RCC_GetClockConfig  stm32h7xx_hal_rcc.o
    0x08004034   0x0000004c   Code   RO         3265    i.HAL_RCC_GetHCLKFreq  stm32h7xx_hal_rcc.o
    0x08004080   0x00000024   Code   RO         3267    i.HAL_RCC_GetPCLK1Freq  stm32h7xx_hal_rcc.o
    0x080040a4   0x00000024   Code   RO         3268    i.HAL_RCC_GetPCLK2Freq  stm32h7xx_hal_rcc.o
    0x080040c8   0x0000022c   Code   RO         3269    i.HAL_RCC_GetSysClockFreq  stm32h7xx_hal_rcc.o
    0x080042f4   0x0000075c   Code   RO         3272    i.HAL_RCC_OscConfig  stm32h7xx_hal_rcc.o
    0x08004a50   0x00000002   Code   RO         2462    i.HAL_TIMEx_Break2Callback  stm32h7xx_hal_tim_ex.o
    0x08004a52   0x00000002   Code   RO         2463    i.HAL_TIMEx_BreakCallback  stm32h7xx_hal_tim_ex.o
    0x08004a54   0x00000002   Code   RO         2464    i.HAL_TIMEx_CommutCallback  stm32h7xx_hal_tim_ex.o
    0x08004a56   0x00000002   PAD
    0x08004a58   0x000000e4   Code   RO         2485    i.HAL_TIMEx_MasterConfigSynchronization  stm32h7xx_hal_tim_ex.o
    0x08004b3c   0x0000006e   Code   RO         1737    i.HAL_TIM_Base_Init  stm32h7xx_hal_tim.o
    0x08004baa   0x00000002   PAD
    0x08004bac   0x00000078   Code   RO         1383    i.HAL_TIM_Base_MspInit  tim.o
    0x08004c24   0x000000cc   Code   RO         1742    i.HAL_TIM_Base_Start_IT  stm32h7xx_hal_tim.o
    0x08004cf0   0x0000003e   Code   RO         1745    i.HAL_TIM_Base_Stop_IT  stm32h7xx_hal_tim.o
    0x08004d2e   0x00000002   PAD
    0x08004d30   0x00000134   Code   RO         1746    i.HAL_TIM_ConfigClockSource  stm32h7xx_hal_tim.o
    0x08004e64   0x000000cc   Code   RO         1758    i.HAL_TIM_Encoder_Init  stm32h7xx_hal_tim.o
    0x08004f30   0x00000080   Code   RO         1385    i.HAL_TIM_Encoder_MspInit  tim.o
    0x08004fb0   0x00000002   Code   RO         1771    i.HAL_TIM_IC_CaptureCallback  stm32h7xx_hal_tim.o
    0x08004fb2   0x00000198   Code   RO         1785    i.HAL_TIM_IRQHandler  stm32h7xx_hal_tim.o
    0x0800514a   0x00000002   Code   RO         1788    i.HAL_TIM_OC_DelayElapsedCallback  stm32h7xx_hal_tim.o
    0x0800514c   0x00000002   Code   RO         1815    i.HAL_TIM_PWM_PulseFinishedCallback  stm32h7xx_hal_tim.o
    0x0800514e   0x00000002   PAD
    0x08005150   0x000000fc   Code   RO         1066    i.HAL_TIM_PeriodElapsedCallback  main.o
    0x0800524c   0x00000002   Code   RO         1828    i.HAL_TIM_TriggerCallback  stm32h7xx_hal_tim.o
    0x0800524e   0x0000004e   Code   RO         6821    i.HAL_UARTEx_DisableFifoMode  stm32h7xx_hal_uart_ex.o
    0x0800529c   0x00000002   Code   RO         6405    i.HAL_UARTEx_RxEventCallback  stm32h7xx_hal_uart.o
    0x0800529e   0x00000002   Code   RO         6829    i.HAL_UARTEx_RxFifoFullCallback  stm32h7xx_hal_uart_ex.o
    0x080052a0   0x0000005e   Code   RO         6830    i.HAL_UARTEx_SetRxFifoThreshold  stm32h7xx_hal_uart_ex.o
    0x080052fe   0x0000005e   Code   RO         6831    i.HAL_UARTEx_SetTxFifoThreshold  stm32h7xx_hal_uart_ex.o
    0x0800535c   0x00000002   Code   RO         6833    i.HAL_UARTEx_TxFifoEmptyCallback  stm32h7xx_hal_uart_ex.o
    0x0800535e   0x00000002   Code   RO         6834    i.HAL_UARTEx_WakeupCallback  stm32h7xx_hal_uart_ex.o
    0x08005360   0x00000002   Code   RO         6421    i.HAL_UART_ErrorCallback  stm32h7xx_hal_uart.o
    0x08005362   0x00000002   PAD
    0x08005364   0x000004b6   Code   RO         6424    i.HAL_UART_IRQHandler  stm32h7xx_hal_uart.o
    0x0800581a   0x00000078   Code   RO         6425    i.HAL_UART_Init     stm32h7xx_hal_uart.o
    0x08005892   0x00000002   PAD
    0x08005894   0x00000258   Code   RO         1449    i.HAL_UART_MspInit  usart.o
    0x08005aec   0x0000005c   Code   RO         6430    i.HAL_UART_Receive_IT  stm32h7xx_hal_uart.o
    0x08005b48   0x00000234   Code   RO         1550    i.HAL_UART_RxCpltCallback  stm32h7xx_it.o
    0x08005d7c   0x000000c2   Code   RO         6434    i.HAL_UART_Transmit  stm32h7xx_hal_uart.o
    0x08005e3e   0x00000002   Code   RO         6437    i.HAL_UART_TxCpltCallback  stm32h7xx_hal_uart.o
    0x08005e40   0x00000004   Code   RO         1551    i.HardFault_Handler  stm32h7xx_it.o
    0x08005e44   0x00000088   Code   RO         1067    i.MPU_Config        main.o
    0x08005ecc   0x000000c8   Code   RO         1331    i.MX_FDCAN2_Init    fdcan.o
    0x08005f94   0x00000058   Code   RO         1225    i.MX_FREERTOS_Init  freertos.o
    0x08005fec   0x00000230   Code   RO         1200    i.MX_GPIO_Init      gpio.o
    0x0800621c   0x00000080   Code   RO         1386    i.MX_TIM1_Init      tim.o
    0x0800629c   0x00000078   Code   RO         1387    i.MX_TIM2_Init      tim.o
    0x08006314   0x00000054   Code   RO         1388    i.MX_TIM6_Init      tim.o
    0x08006368   0x0000006c   Code   RO         1450    i.MX_USART10_UART_Init  usart.o
    0x080063d4   0x00000078   Code   RO         1451    i.MX_USART2_UART_Init  usart.o
    0x0800644c   0x00000078   Code   RO         1452    i.MX_USART3_UART_Init  usart.o
    0x080064c4   0x00000038   Code   RO         1505    i.MX_USB_OTG_HS_HCD_Init  usb_otg.o
    0x080064fc   0x00000004   Code   RO         1552    i.MemManage_Handler  stm32h7xx_it.o
    0x08006500   0x00000004   Code   RO         1553    i.NMI_Handler       stm32h7xx_it.o
    0x08006504   0x00000164   Code   RO         3387    i.RCCEx_PLL2_Config  stm32h7xx_hal_rcc_ex.o
    0x08006668   0x00000164   Code   RO         3388    i.RCCEx_PLL3_Config  stm32h7xx_hal_rcc_ex.o
    0x080067cc   0x00000040   Code   RO          231    i.RS485PowerTransmit  rs485.o
    0x0800680c   0x00000044   Code   RO          232    i.RS485ServoTransmit  rs485.o
    0x08006850   0x00000028   Code   RO         1227    i.StartDefaultTask  freertos.o
    0x08006878   0x00000016   Code   RO         8618    i.SysTick_Handler   cmsis_os2.o
    0x0800688e   0x00000002   PAD
    0x08006890   0x000000b4   Code   RO         1068    i.SystemClock_Config  main.o
    0x08006944   0x0000010c   Code   RO         7445    i.SystemInit        system_stm32h7xx.o
    0x08006a50   0x00000010   Code   RO         1554    i.TIM2_IRQHandler   stm32h7xx_it.o
    0x08006a60   0x00000010   Code   RO         1555    i.TIM4_IRQHandler   stm32h7xx_it.o
    0x08006a70   0x00000010   Code   RO         1556    i.TIM6_DAC_IRQHandler  stm32h7xx_it.o
    0x08006a80   0x000000e8   Code   RO         1830    i.TIM_Base_SetConfig  stm32h7xx_hal_tim.o
    0x08006b68   0x00000016   Code   RO         1841    i.TIM_ETR_SetConfig  stm32h7xx_hal_tim.o
    0x08006b7e   0x00000002   PAD
    0x08006b80   0x00000018   Code   RO         1842    i.TIM_ITRx_SetConfig  stm32h7xx_hal_tim.o
    0x08006b98   0x00000026   Code   RO         1850    i.TIM_TI1_ConfigInputStage  stm32h7xx_hal_tim.o
    0x08006bbe   0x00000028   Code   RO         1852    i.TIM_TI2_ConfigInputStage  stm32h7xx_hal_tim.o
    0x08006be6   0x00000002   PAD
    0x08006be8   0x00000058   Code   RO         6835    i.UARTEx_SetNbDataToProcess  stm32h7xx_hal_uart_ex.o
    0x08006c40   0x000000f8   Code   RO         6439    i.UART_AdvFeatureConfig  stm32h7xx_hal_uart.o
    0x08006d38   0x000000ea   Code   RO         6440    i.UART_CheckIdleState  stm32h7xx_hal_uart.o
    0x08006e22   0x00000014   Code   RO         6441    i.UART_DMAAbortOnError  stm32h7xx_hal_uart.o
    0x08006e36   0x00000002   PAD
    0x08006e38   0x0000006c   Code   RO         6451    i.UART_EndRxTransfer  stm32h7xx_hal_uart.o
    0x08006ea4   0x00000030   Code   RO         6452    i.UART_EndTransmit_IT  stm32h7xx_hal_uart.o
    0x08006ed4   0x00000104   Code   RO         6454    i.UART_RxISR_16BIT  stm32h7xx_hal_uart.o
    0x08006fd8   0x00000200   Code   RO         6455    i.UART_RxISR_16BIT_FIFOEN  stm32h7xx_hal_uart.o
    0x080071d8   0x00000104   Code   RO         6456    i.UART_RxISR_8BIT   stm32h7xx_hal_uart.o
    0x080072dc   0x000001fc   Code   RO         6457    i.UART_RxISR_8BIT_FIFOEN  stm32h7xx_hal_uart.o
    0x080074d8   0x00000628   Code   RO         6458    i.UART_SetConfig    stm32h7xx_hal_uart.o
    0x08007b00   0x0000015c   Code   RO         6460    i.UART_Start_Receive_IT  stm32h7xx_hal_uart.o
    0x08007c5c   0x000000ac   Code   RO         6465    i.UART_WaitOnFlagUntilTimeout  stm32h7xx_hal_uart.o
    0x08007d08   0x00000010   Code   RO         1557    i.USART10_IRQHandler  stm32h7xx_it.o
    0x08007d18   0x00000010   Code   RO         1558    i.USART2_IRQHandler  stm32h7xx_it.o
    0x08007d28   0x00000010   Code   RO         1559    i.USART3_IRQHandler  stm32h7xx_it.o
    0x08007d38   0x000000a0   Code   RO         7137    i.USB_CoreInit      stm32h7xx_ll_usb.o
    0x08007dd8   0x00000054   Code   RO         7138    i.USB_CoreReset     stm32h7xx_ll_usb.o
    0x08007e2c   0x0000000e   Code   RO         7145    i.USB_DisableGlobalInt  stm32h7xx_ll_usb.o
    0x08007e3a   0x00000050   Code   RO         7154    i.USB_FlushRxFifo   stm32h7xx_ll_usb.o
    0x08007e8a   0x00000054   Code   RO         7155    i.USB_FlushTxFifo   stm32h7xx_ll_usb.o
    0x08007ede   0x0000000a   Code   RO         7159    i.USB_GetMode       stm32h7xx_ll_usb.o
    0x08007ee8   0x000000d8   Code   RO         7164    i.USB_HostInit      stm32h7xx_ll_usb.o
    0x08007fc0   0x00000068   Code   RO         7174    i.USB_SetCurrentMode  stm32h7xx_ll_usb.o
    0x08008028   0x00000004   Code   RO         1560    i.UsageFault_Handler  stm32h7xx_it.o
    0x0800802c   0x00000020   Code   RO        14529    i.__0printf$8       mc_w.l(printf8.o)
    0x0800804c   0x00000010   Code   RO         4695    i.__NVIC_GetPriorityGrouping  stm32h7xx_hal_cortex.o
    0x0800805c   0x00000028   Code   RO         4696    i.__NVIC_SetPriority  stm32h7xx_hal_cortex.o
    0x08008084   0x00000006   Code   RO         8620    i.__get_IPSR        cmsis_os2.o
    0x0800808a   0x0000000e   Code   RO        14638    i.__scatterload_copy  mc_w.l(handlers.o)
    0x08008098   0x00000002   Code   RO        14639    i.__scatterload_null  mc_w.l(handlers.o)
    0x0800809a   0x0000000e   Code   RO        14640    i.__scatterload_zeroinit  mc_w.l(handlers.o)
    0x080080a8   0x00000410   Code   RO        14536    i._printf_core      mc_w.l(printf8.o)
    0x080084b8   0x00000024   Code   RO        14537    i._printf_post_padding  mc_w.l(printf8.o)
    0x080084dc   0x0000002e   Code   RO        14538    i._printf_pre_padding  mc_w.l(printf8.o)
    0x0800850a   0x00000002   PAD
    0x0800850c   0x00000044   Code   RO          919    i.build_exception   modbus.o
    0x08008550   0x00000060   Code   RO          371    i.canopen_sdo_read  canopen.o
    0x080085b0   0x000000bc   Code   RO          372    i.canopen_sdo_write  canopen.o
    0x0800866c   0x00000052   Code   RO          291    i.createServoPacket  servo.o
    0x080086be   0x00000002   PAD
    0x080086c0   0x00000064   Code   RO          292    i.createSetPositionPacket  servo.o
    0x08008724   0x00000018   Code   RO         1069    i.fputc             main.o
    0x0800873c   0x000000d8   Code   RO          920    i.handle_read_coils  modbus.o
    0x08008814   0x000000c0   Code   RO          921    i.handle_read_holding_regs  modbus.o
    0x080088d4   0x000000c0   Code   RO          922    i.handle_write_coil  modbus.o
    0x08008994   0x000000f0   Code   RO          923    i.handle_write_multiple_regs  modbus.o
    0x08008a84   0x000000a4   Code   RO          924    i.handle_write_reg  modbus.o
    0x08008b28   0x00000170   Code   RO         1070    i.main              main.o
    0x08008c98   0x0000003a   Code   RO          925    i.modbus_crc16      modbus.o
    0x08008cd2   0x00000002   PAD
    0x08008cd4   0x00000028   Code   RO          926    i.modbus_init       modbus.o
    0x08008cfc   0x0000001e   Code   RO         8621    i.osDelay           cmsis_os2.o
    0x08008d1a   0x00000002   PAD
    0x08008d1c   0x0000002c   Code   RO         8635    i.osKernelInitialize  cmsis_os2.o
    0x08008d48   0x00000060   Code   RO         8638    i.osKernelStart     cmsis_os2.o
    0x08008da8   0x00000080   Code   RO         8650    i.osMessageQueueGet  cmsis_os2.o
    0x08008e28   0x0000009a   Code   RO         8655    i.osMessageQueueNew  cmsis_os2.o
    0x08008ec2   0x00000002   PAD
    0x08008ec4   0x00000084   Code   RO         8656    i.osMessageQueuePut  cmsis_os2.o
    0x08008f48   0x0000005c   Code   RO         8667    i.osSemaphoreRelease  cmsis_os2.o
    0x08008fa4   0x000000b8   Code   RO         8680    i.osThreadNew       cmsis_os2.o
    0x0800905c   0x00000194   Code   RO         1229    i.parse_command     freertos.o
    0x080091f0   0x00000040   Code   RO         1230    i.parse_command_task  freertos.o
    0x08009230   0x000000b8   Code   RO          927    i.process_modbus_frame  modbus.o
    0x080092e8   0x0000007c   Code   RO         8067    i.prvAddCurrentTaskToDelayedList  tasks.o
    0x08009364   0x000000b8   Code   RO         8068    i.prvAddNewTaskToReadyList  tasks.o
    0x0800941c   0x00000074   Code   RO         8443    i.prvCheckForValidListAndQueue  timers.o
    0x08009490   0x00000048   Code   RO         8069    i.prvCheckTasksWaitingTermination  tasks.o
    0x080094d8   0x0000002a   Code   RO         7654    i.prvCopyDataFromQueue  queue.o
    0x08009502   0x0000007e   Code   RO         7655    i.prvCopyDataToQueue  queue.o
    0x08009580   0x00000050   Code   RO         8070    i.prvDeleteTCB      tasks.o
    0x080095d0   0x00000014   Code   RO         7656    i.prvGetDisinheritPriorityAfterTimeout  queue.o
    0x080095e4   0x00000028   Code   RO         8444    i.prvGetNextExpireTime  timers.o
    0x0800960c   0x0000007c   Code   RO         9145    i.prvHeapInit       heap_4.o
    0x08009688   0x00000028   Code   RO         8071    i.prvIdleTask       tasks.o
    0x080096b0   0x0000001e   Code   RO         7657    i.prvInitialiseMutex  queue.o
    0x080096ce   0x0000002a   Code   RO         7658    i.prvInitialiseNewQueue  queue.o
    0x080096f8   0x000000be   Code   RO         8072    i.prvInitialiseNewTask  tasks.o
    0x080097b6   0x00000002   PAD
    0x080097b8   0x00000068   Code   RO         8073    i.prvInitialiseTaskLists  tasks.o
    0x08009820   0x00000068   Code   RO         9146    i.prvInsertBlockIntoFreeList  heap_4.o
    0x08009888   0x00000058   Code   RO         8446    i.prvInsertTimerInActiveList  timers.o
    0x080098e0   0x0000001a   Code   RO         7659    i.prvIsQueueEmpty   queue.o
    0x080098fa   0x0000001e   Code   RO         7660    i.prvIsQueueFull    queue.o
    0x08009918   0x00000074   Code   RO         8447    i.prvProcessExpiredTimer  timers.o
    0x0800998c   0x00000164   Code   RO         8448    i.prvProcessReceivedCommands  timers.o
    0x08009af0   0x00000074   Code   RO         8449    i.prvProcessTimerOrBlockTask  timers.o
    0x08009b64   0x00000034   Code   RO         8075    i.prvResetNextTaskUnblockTime  tasks.o
    0x08009b98   0x0000002c   Code   RO         8450    i.prvSampleTimeNow  timers.o
    0x08009bc4   0x000000a4   Code   RO         8451    i.prvSwitchTimerLists  timers.o
    0x08009c68   0x00000040   Code   RO         9201    i.prvTaskExitError  port.o
    0x08009ca8   0x0000001a   Code   RO         8452    i.prvTimerTask      timers.o
    0x08009cc2   0x0000007e   Code   RO         7661    i.prvUnlockQueue    queue.o
    0x08009d40   0x0000014c   Code   RO         9147    i.pvPortMalloc      heap_4.o
    0x08009e8c   0x00000020   Code   RO         8078    i.pvTaskIncrementMutexHeldCount  tasks.o
    0x08009eac   0x0000002c   Code   RO         9202    i.pxPortInitialiseStack  port.o
    0x08009ed8   0x0000001c   Code   RO          293    i.sendServoPacket   servo.o
    0x08009ef4   0x00000028   Code   RO         7614    i.uxListRemove      list.o
    0x08009f1c   0x00000018   Code   RO         8692    i.vApplicationGetIdleTaskMemory  cmsis_os2.o
    0x08009f34   0x00000018   Code   RO         8693    i.vApplicationGetTimerTaskMemory  cmsis_os2.o
    0x08009f4c   0x0000001a   Code   RO         7615    i.vListInitialise   list.o
    0x08009f66   0x00000006   Code   RO         7616    i.vListInitialiseItem  list.o
    0x08009f6c   0x00000034   Code   RO         7617    i.vListInsert       list.o
    0x08009fa0   0x00000018   Code   RO         7618    i.vListInsertEnd    list.o
    0x08009fb8   0x00000054   Code   RO         9204    i.vPortEnterCritical  port.o
    0x0800a00c   0x0000003c   Code   RO         9205    i.vPortExitCritical  port.o
    0x0800a048   0x000000a4   Code   RO         9148    i.vPortFree         heap_4.o
    0x0800a0ec   0x00000028   Code   RO         9206    i.vPortSetupTimerInterrupt  port.o
    0x0800a114   0x00000078   Code   RO         9207    i.vPortValidateInterruptPriority  port.o
    0x0800a18c   0x0000002c   Code   RO         7667    i.vQueueAddToRegistry  queue.o
    0x0800a1b8   0x0000004a   Code   RO         7671    i.vQueueWaitForMessageRestricted  queue.o
    0x0800a202   0x00000002   PAD
    0x0800a204   0x0000005c   Code   RO         8088    i.vTaskDelay        tasks.o
    0x0800a260   0x00000018   Code   RO         8093    i.vTaskInternalSetTimeOutState  tasks.o
    0x0800a278   0x0000000c   Code   RO         8094    i.vTaskMissedYield  tasks.o
    0x0800a284   0x00000038   Code   RO         8096    i.vTaskPlaceOnEventList  tasks.o
    0x0800a2bc   0x00000040   Code   RO         8097    i.vTaskPlaceOnEventListRestricted  tasks.o
    0x0800a2fc   0x000000d0   Code   RO         8099    i.vTaskPriorityDisinheritAfterTimeout  tasks.o
    0x0800a3cc   0x000000b8   Code   RO         8105    i.vTaskStartScheduler  tasks.o
    0x0800a484   0x000000c8   Code   RO         8106    i.vTaskSuspend      tasks.o
    0x0800a54c   0x00000010   Code   RO         8107    i.vTaskSuspendAll   tasks.o
    0x0800a55c   0x00000090   Code   RO         8108    i.vTaskSwitchContext  tasks.o
    0x0800a5ec   0x00000168   Code   RO         9208    i.xPortStartScheduler  port.o
    0x0800a754   0x00000034   Code   RO         9209    i.xPortSysTickHandler  port.o
    0x0800a788   0x00000022   Code   RO         7674    i.xQueueCreateMutex  queue.o
    0x0800a7aa   0x0000005a   Code   RO         7676    i.xQueueGenericCreate  queue.o
    0x0800a804   0x000000e0   Code   RO         7677    i.xQueueGenericCreateStatic  queue.o
    0x0800a8e4   0x00000098   Code   RO         7678    i.xQueueGenericReset  queue.o
    0x0800a97c   0x000001a8   Code   RO         7679    i.xQueueGenericSend  queue.o
    0x0800ab24   0x000000fc   Code   RO         7680    i.xQueueGenericSendFromISR  queue.o
    0x0800ac20   0x000000e0   Code   RO         7683    i.xQueueGiveFromISR  queue.o
    0x0800ad00   0x00000168   Code   RO         7689    i.xQueueReceive     queue.o
    0x0800ae68   0x000000ca   Code   RO         7690    i.xQueueReceiveFromISR  queue.o
    0x0800af32   0x00000002   PAD
    0x0800af34   0x000001b8   Code   RO         7691    i.xQueueSemaphoreTake  queue.o
    0x0800b0ec   0x0000008c   Code   RO         8110    i.xTaskCheckForTimeOut  tasks.o
    0x0800b178   0x00000064   Code   RO         8111    i.xTaskCreate       tasks.o
    0x0800b1dc   0x000000ba   Code   RO         8112    i.xTaskCreateStatic  tasks.o
    0x0800b296   0x00000002   PAD
    0x0800b298   0x00000020   Code   RO         8116    i.xTaskGetSchedulerState  tasks.o
    0x0800b2b8   0x0000000c   Code   RO         8117    i.xTaskGetTickCount  tasks.o
    0x0800b2c4   0x00000144   Code   RO         8119    i.xTaskIncrementTick  tasks.o
    0x0800b408   0x000000a4   Code   RO         8122    i.xTaskPriorityDisinherit  tasks.o
    0x0800b4ac   0x000000a4   Code   RO         8123    i.xTaskPriorityInherit  tasks.o
    0x0800b550   0x00000098   Code   RO         8124    i.xTaskRemoveFromEventList  tasks.o
    0x0800b5e8   0x00000104   Code   RO         8125    i.xTaskResumeAll    tasks.o
    0x0800b6ec   0x00000078   Code   RO         8461    i.xTimerCreateTimerTask  timers.o
    0x0800b764   0x00000084   Code   RO         8462    i.xTimerGenericCommand  timers.o
    0x0800b7e8   0x00000090   Data   RO         1232    .constdata          freertos.o
    0x0800b878   0x0000005c   Data   RO         5878    .constdata          stm32h7xx_hal_fdcan.o
    0x0800b8d4   0x00000018   Data   RO         6466    .constdata          stm32h7xx_hal_uart.o
    0x0800b8ec   0x00000010   Data   RO         6837    .constdata          stm32h7xx_hal_uart_ex.o
    0x0800b8fc   0x00000010   Data   RO         7446    .constdata          system_stm32h7xx.o
    0x0800b90c   0x00000034   Data   RO         1233    .conststring        freertos.o
    0x0800b940   0x00000041   Data   RO         1562    .conststring        stm32h7xx_it.o
    0x0800b981   0x00000003   PAD
    0x0800b984   0x00000030   Data   RO        14636    Region$$Table       anon$$obj.o


    Execution Region RW_IRAM1 (Base: 0x20000000, Size: 0x00007800, Max: 0x00020000, ABSOLUTE)

    Base Addr    Size         Type   Attr      Idx    E Section Name        Object

    0x20000000   0x00007800   Zero   RW         9153    .bss                heap_4.o


    Execution Region RW_IRAM2 (Base: 0x24000000, Size: 0x000023d8, Max: 0x00020000, ABSOLUTE)

    Base Addr    Size         Type   Attr      Idx    E Section Name        Object

    0x24000000   0x00000001   Data   RW           15    .data               digital_quantity.o
    0x24000001   0x00000005   Data   RW          295    .data               servo.o
    0x24000006   0x00000006   Data   RW          375    .data               canopen.o
    0x2400000c   0x00000008   Data   RW          520    .data               i2c.o
    0x24000014   0x00000028   Data   RW         1234    .data               freertos.o
    0x2400003c   0x00000008   Data   RW         1333    .data               fdcan.o
    0x24000044   0x00000002   Data   RW         1454    .data               usart.o
    0x24000046   0x00000009   Data   RW         1563    .data               stm32h7xx_it.o
    0x2400004f   0x00000001   PAD
    0x24000050   0x00000009   Data   RW         4886    .data               stm32h7xx_hal.o
    0x24000059   0x00000003   PAD
    0x2400005c   0x00000008   Data   RW         7447    .data               system_stm32h7xx.o
    0x24000064   0x0000003c   Data   RW         8128    .data               tasks.o
    0x240000a0   0x00000014   Data   RW         8470    .data               timers.o
    0x240000b4   0x00000004   Data   RW         8695    .data               cmsis_os2.o
    0x240000b8   0x00000020   Data   RW         9154    .data               heap_4.o
    0x240000d8   0x0000000c   Data   RW         9210    .data               port.o
    0x240000e4   0x00000038   Data   RW         9306    .data               ethernetif.o
    0x2400011c   0x00000004   Data   RW        14599    .data               mc_w.l(stdout.o)
    0x24000120   0x00000024   Zero   RW          181    .bss                encoder.o
    0x24000144   0x00000020   Zero   RW          294    .bss                servo.o
    0x24000164   0x00000024   Zero   RW          374    .bss                canopen.o
    0x24000188   0x00000276   Zero   RW          928    .bss                modbus.o
    0x240003fe   0x0000003c   Zero   RW         1231    .bss                freertos.o
    0x2400043a   0x00000002   PAD
    0x2400043c   0x0000010c   Zero   RW         1332    .bss                fdcan.o
    0x24000548   0x000000e4   Zero   RW         1389    .bss                tim.o
    0x2400062c   0x0000034c   Zero   RW         1453    .bss                usart.o
    0x24000978   0x000003e0   Zero   RW         1506    .bss                usb_otg.o
    0x24000d58   0x00000032   Zero   RW         1561    .bss                stm32h7xx_it.o
    0x24000d8a   0x00000002   PAD
    0x24000d8c   0x0000004c   Zero   RW         1699    .bss                stm32h7xx_hal_timebase_tim.o
    0x24000dd8   0x00000040   Zero   RW         7693    .bss                queue.o
    0x24000e18   0x000004c4   Zero   RW         8127    .bss                tasks.o
    0x240012dc   0x00000118   Zero   RW         8469    .bss                timers.o
    0x240013f4   0x000006b8   Zero   RW         8694    .bss                cmsis_os2.o
    0x24001aac   0x00000128   Zero   RW         9304    .bss                ethernetif.o
    0x24001bd4   0x00000004   PAD
    0x24001bd8   0x00000800   Zero   RW            1    STACK               startup_stm32h723xx.o



  Load Region LR$$.ARM.__AT_0x30000000 (Base: 0x30000000, Size: 0x00000000, Max: 0x00000060, ABSOLUTE)

    Execution Region ER$$.ARM.__AT_0x30000000 (Base: 0x30000000, Size: 0x00000060, Max: 0x00000060, ABSOLUTE, UNINIT)

    Base Addr    Size         Type   Attr      Idx    E Section Name        Object

    0x30000000   0x00000060   Zero   RW         9301    .ARM.__AT_0x30000000  ethernetif.o



  Load Region LR$$.ARM.__AT_0x30000200 (Base: 0x30000200, Size: 0x00000000, Max: 0x00000060, ABSOLUTE)

    Execution Region ER$$.ARM.__AT_0x30000200 (Base: 0x30000200, Size: 0x00000060, Max: 0x00000060, ABSOLUTE, UNINIT)

    Base Addr    Size         Type   Attr      Idx    E Section Name        Object

    0x30000200   0x00000060   Zero   RW         9302    .ARM.__AT_0x30000200  ethernetif.o


==============================================================================

Image component sizes


      Code (inc. data)   RO Data    RW Data    ZI Data      Debug   Object Name

       284         24          0          6         36      15171   canopen.o
       936         50          0          4       1720      72264   cmsis_os2.o
       716         72          0          1          0    1251161   digital_quantity.o
         0          0          0          0         36       1349   encoder.o
       172         28          0         56        488      15438   ethernetif.o
         0          0          0          0          0      19592   event_groups.o
       472         42          0          8        268       2969   fdcan.o
       832        232        196         40         60      13352   freertos.o
       560         26          0          0          0       1311   gpio.o
       724         74          0         32      30720       5039   heap_4.o
         0          0          0          8          0        256   i2c.o
       148          0          0          0          0       3734   list.o
       966         52          0          0          0      47227   main.o
      1354         88          0          0        630       8362   modbus.o
      1014         92          0         12          0      12021   port.o
      2962         26          0          0         64      25567   queue.o
       132         18          0          0          0       3870   rs485.o
       264          8          0          5         32       5436   servo.o
        44         12        716          0       2048        864   startup_stm32h723xx.o
       172         34          0          9          0      23122   stm32h7xx_hal.o
       458         40          0          0          0      41692   stm32h7xx_hal_cortex.o
      2164         34          0          0          0       4395   stm32h7xx_hal_dma.o
       742         34          0          0          0       7889   stm32h7xx_hal_eth.o
      3598         54         92          0          0      24683   stm32h7xx_hal_fdcan.o
       524         50          0          0          0       2903   stm32h7xx_hal_gpio.o
       122          0          0          0          0       1191   stm32h7xx_hal_hcd.o
        48          6          0          0          0        874   stm32h7xx_hal_msp.o
       116         12          0          0          0       1398   stm32h7xx_hal_pwr_ex.o
      3496        120          0          0          0       7717   stm32h7xx_hal_rcc.o
      5140        112          0          0          0       7429   stm32h7xx_hal_rcc_ex.o
      1660        108          0          0          0      11909   stm32h7xx_hal_tim.o
       234         38          0          0          0       3324   stm32h7xx_hal_tim_ex.o
       160         20          0          0         76       1619   stm32h7xx_hal_timebase_tim.o
      5912        208         24          0          0      39034   stm32h7xx_hal_uart.o
       360         10         16          0          0       5666   stm32h7xx_hal_uart_ex.o
       858        172         65          9         50      10097   stm32h7xx_it.o
       752         22          0          0          0       6460   stm32h7xx_ll_usb.o
         0          0          0          0          0        392   stream_buffer.o
       304         38         16          8          0       1885   system_stm32h7xx.o
      3412        404          0         60       1220      31866   tasks.o
         0          0          0          0          0       3040   tcpclient.o
       580         44          0          0        228       3890   tim.o
      1318        124          0         20        280      22871   timers.o
       948         66          0          2        844       3858   usart.o
       148         18          0          0        992       1809   usb_otg.o
         0          0          0          0          0       2668   yt8512c.o

    ----------------------------------------------------------------------
     44862       2612       1176        284      39800    1778664   Object Totals
         0          0         48          0          0          0   (incl. Generated)
        56          0          3          4          8          0   (incl. Padding)

    ----------------------------------------------------------------------

      Code (inc. data)   RO Data    RW Data    ZI Data      Debug   Library Member Name

         0          0          0          0          0          0   entry.o
         0          0          0          0          0          0   entry10a.o
         0          0          0          0          0          0   entry11a.o
         8          4          0          0          0          0   entry2.o
         4          0          0          0          0          0   entry5.o
         0          0          0          0          0          0   entry7b.o
         0          0          0          0          0          0   entry8b.o
         8          4          0          0          0          0   entry9a.o
        30          0          0          0          0          0   handlers.o
        36          8          0          0          0         68   init.o
        30          0          0          0          0         68   llshl.o
        32          0          0          0          0         68   llushr.o
        64          0          0          0          0         76   memmovea.o
        36          0          0          0          0        108   memseta.o
      1154         54          0          0          0        352   printf8.o
         0          0          0          4          0          0   stdout.o
        98          0          0          0          0         92   uldiv.o

    ----------------------------------------------------------------------
      1502         70          0          4          0        832   Library Totals
         2          0          0          0          0          0   (incl. Padding)

    ----------------------------------------------------------------------

      Code (inc. data)   RO Data    RW Data    ZI Data      Debug   Library Name

      1500         70          0          4          0        832   mc_w.l

    ----------------------------------------------------------------------
      1502         70          0          4          0        832   Library Totals

    ----------------------------------------------------------------------

==============================================================================


      Code (inc. data)   RO Data    RW Data    ZI Data      Debug   

     46364       2682       1176        288      39800    1751736   Grand Totals
     46364       2682       1176        288      39800    1751736   ELF Image Totals
     46364       2682       1176        288          0          0   ROM Totals

==============================================================================

    Total RO  Size (Code + RO Data)                47540 (  46.43kB)
    Total RW  Size (RW Data + ZI Data)             40088 (  39.15kB)
    Total ROM Size (Code + RO Data + RW Data)      47828 (  46.71kB)

==============================================================================

