<html>
<body>
<pre>
<h1>µVision Build Log</h1>
<h2>Tool Versions:</h2>
IDE-Version: µVision V5.18.0.0
Copyright (C) 2016 ARM Ltd and ARM Germany GmbH. All rights reserved.
License Information: Caleb hppaviliontrgq@outlook.com, k2, LIC=GMZI6-D38NF-PCAJ8-3D86A-I2FWV-EUL1J
 
Tool Versions:
Toolchain:       MDK-ARM Standard  Version: 5.18
Toolchain Path:  C:\Keil_v5\ARM\ARMCC\Bin
C Compiler:      Armcc.exe V5.06 update 1 (build 61)
Assembler:       Armasm.exe V5.06 update 1 (build 61)
Linker/Locator:  ArmLink.exe V5.06 update 1 (build 61)
Library Manager: ArmAr.exe V5.06 update 1 (build 61)
Hex Converter:   FromElf.exe V5.06 update 1 (build 61)
CPU DLL:         SARMCM3.DLL V5.18
Dialog DLL:      DCM.DLL V1.13.6.0
Target DLL:      STLink\ST-LINKIII-KEIL_SWO.dll V2.0.18.0
Dialog DLL:      TCM.DLL V1.14.8.0
 
<h2>Project:</h2>
C:\Users\hppav\Desktop\K2\ÐÂ½¨ÎÄ¼þ¼Ð\plc_controller\MDK-ARM\yplc_1.uvprojx
Project File Date:  10/22/2025

<h2>Output:</h2>
*** Using Compiler 'V5.06 update 1 (build 61)', folder: 'C:\Keil_v5\ARM\ARMCC\Bin'
Rebuild target 'yplc_1'
compiling mg65Driver.c...
..\Core\Src\mg65Driver.c(1): warning:  #1-D: last line of file ends without a newline
  #include "mg65Driver.h"
../Core/Inc/mg65Driver.h(5): warning:  #1-D: last line of file ends without a newline
  #endif
..\Core\Src\mg65Driver.c: 2 warnings, 0 errors
compiling canopen.c...
../Core/Inc/canopen.h(32): warning:  #1-D: last line of file ends without a newline
  #endif
..\Core\Src\canopen.c(61): warning:  #188-D: enumerated type mixed with another type
      HAL_StatusTypeDef status = FDCAN2_Send_Msg(sdo_data, 8, can_cfg.Identifier);
..\Core\Src\canopen.c(65): warning:  #223-D: function "printf" declared implicitly
      printf("status:%d",status);
..\Core\Src\canopen.c(88): warning:  #188-D: enumerated type mixed with another type
      HAL_StatusTypeDef status = FDCAN2_Send_Msg(sdo_data, 8, can_cfg.Identifier);
..\Core\Src\canopen.c(72): warning:  #177-D: variable "len_cmd" was declared but never referenced
      static uint16_t len_cmd = 0;
..\Core\Src\canopen.c(102): warning:  #177-D: variable "state" was declared but never referenced
          uint8_t state = data[0];
..\Core\Src\canopen.c(109): warning:  #177-D: variable "cmd" was declared but never referenced
          uint8_t cmd = data[0];
..\Core\Src\canopen.c(110): warning:  #177-D: variable "index" was declared but never referenced
          uint16_t index = data[1] | (data[2] << 8);
..\Core\Src\canopen.c(111): warning:  #177-D: variable "subindex" was declared but never referenced
          uint8_t subindex = data[3];
..\Core\Src\canopen.c(121): warning:  #1-D: last line of file ends without a newline
  }
..\Core\Src\canopen.c: 10 warnings, 0 errors
compiling rs485.c...
../Core/Inc/rs485.h(16): warning:  #1295-D: Deprecated declaration RS485Init - give arg types
  void RS485Init();
../Core/Inc/rs485.h(24): warning:  #1-D: last line of file ends without a newline
  #endif
../Core/Inc/servo.h(96): warning:  #1295-D: Deprecated declaration createQueryIdPacket - give arg types
  ServoTxPacket createQueryIdPacket();
../Core/Inc/servo.h(101): warning:  #1-D: last line of file ends without a newline
  #endif
..\Core\Src\rs485.c: 4 warnings, 0 errors
compiling servo.c...
../Core/Inc/rs485.h(16): warning:  #1295-D: Deprecated declaration RS485Init - give arg types
  void RS485Init();
../Core/Inc/rs485.h(24): warning:  #1-D: last line of file ends without a newline
  #endif
../Core/Inc/servo.h(96): warning:  #1295-D: Deprecated declaration createQueryIdPacket - give arg types
  ServoTxPacket createQueryIdPacket();
../Core/Inc/servo.h(101): warning:  #1-D: last line of file ends without a newline
  #endif
..\Core\Src\servo.c(51): warning:  #223-D: function "printf" declared implicitly
      printf("ID:0x%02X, Status:0x%02X, Paramslen:%d\n", packet->id, packet->status, paramLen);
..\Core\Src\servo.c(66): warning:  #177-D: variable "address" was declared but never referenced
              uint8_t address = packet->params[0];
..\Core\Src\servo.c(67): warning:  #177-D: variable "data" was declared but never referenced
              uint8_t *data = &packet->params[1];
..\Core\Src\servo.c(68): warning:  #177-D: variable "dataLen" was declared but never referenced
              uint8_t dataLen = paramLen - 1;
..\Core\Src\servo.c(49): warning:  #177-D: variable "msg" was declared but never referenced
      char msg[64];
..\Core\Src\servo.c(103): warning:  #223-D: function "memcpy" declared implicitly
          memcpy(packet->params, params, actual_len);
..\Core\Src\servo.c(177): warning:  #1-D: last line of file ends without a newline
  }
..\Core\Src\servo.c: 11 warnings, 0 errors
assembling startup_stm32h723xx.s...
compiling eeprom.c...
../Core/Inc/i2c.h(41): warning:  #1-D: last line of file ends without a newline
  #endif
../Core/Inc/eeprom.h(11): warning:  #1-D: last line of file ends without a newline
  #endif
..\Core\Src\eeprom.c(39): warning:  #223-D: function "osDelay" declared implicitly
      osDelay(5);
..\Core\Src\eeprom.c(108): warning:  #223-D: function "printf" declared implicitly
          printf("Warning: Page boundary crossed. Truncating to %d bytes.\r\n", len);
..\Core\Src\eeprom.c(152): warning:  #223-D: function "osDelay" declared implicitly
      osDelay(10);
..\Core\Src\eeprom.c(222): warning:  #1-D: last line of file ends without a newline
  }
..\Core\Src\eeprom.c: 6 warnings, 0 errors
compiling yt8512c.c...
compiling tim.c...
compiling modbus.c...
../Core/Inc/rs485.h(16): warning:  #1295-D: Deprecated declaration RS485Init - give arg types
  void RS485Init();
../Core/Inc/rs485.h(24): warning:  #1-D: last line of file ends without a newline
  #endif
..\Core\Src\modbus.c(84): warning:  #186-D: pointless comparison of unsigned integer with zero
      if (start_addr < 
OIL_START_ADDR ||
..\Core\Src\modbus.c(132): warning:  #186-D: pointless comparison of unsigned integer with zero
      if (coil_addr < 
OIL_START_ADDR || coil_addr >= (COIL_START_ADDR + COIL_CNT))
..\Core\Src\modbus.c: 4 warnings, 0 errors
compiling stm32h7xx_it.c...
../Core/Inc/rs485.h(16): warning:  #1295-D: Deprecated declaration RS485Init - give arg types
  void RS485Init();
../Core/Inc/rs485.h(24): warning:  #1-D: last line of file ends without a newline
  #endif
../Core/Inc/servo.h(96): warning:  #1295-D: Deprecated declaration createQueryIdPacket - give arg types
  ServoTxPacket createQueryIdPacket();
../Core/Inc/servo.h(101): warning:  #1-D: last line of file ends without a newline
  #endif
../Core/Src/stm32h7xx_it.c(442): warning:  #223-D: function "printf" declared implicitly
    printf("id:%#x\r\n", fdcan2_RxHeader.Identifier);
../Core/Src/stm32h7xx_it.c(439): warning:  #177-D: variable "i" was declared but never referenced
    uint8_t i = 0;
../Core/Src/stm32h7xx_it.c: 6 warnings, 0 errors
compiling stm32h7xx_hal_msp.c...
compiling main.c...
../Core/Inc/encoder.h(18): warning:  #1295-D: Deprecated declaration Encoder_Init - give arg types
  void Encoder_Init();
../Core/Inc/encoder.h(19): warning:  #1-D: last line of file ends without a newline
  #endif
../Core/Inc/rs485.h(16): warning:  #1295-D: Deprecated declaration RS485Init - give arg types
  void RS485Init();
../Core/Inc/rs485.h(24): warning:  #1-D: last line of file ends without a newline
  #endif
../Core/Src/main.c: 4 warnings, 0 errors
compiling i2c.c...
../Core/Inc/i2c.h(41): warning:  #1-D: last line of file ends without a newline
  #endif
..\Core\Src\i2c.c(157): warning:  #177-D: variable "result" was declared but never referenced
      uint8_t result;
..\Core\Src\i2c.c(232): warning:  #223-D: function "printf" declared implicitly
      printf("I2C Scan:\r\n");
..\Core\Src\i2c.c(245): warning:  #223-D: function "osDelay" declared implicitly
          osDelay(1);
..\Core\Src\i2c.c(249): warning:  #1-D: last line of file ends without a newline
  }
..\Core\Src\i2c.c: 5 warnings, 0 errors
compiling encoder.c...
../Core/Inc/encoder.h(18): warning:  #1295-D: Deprecated declaration Encoder_Init - give arg types
  void Encoder_Init();
../Core/Inc/encoder.h(19): warning:  #1-D: last line of file ends without a newline
  #endif
..\Core\Src\encoder.c(50): warning:  #1-D: last line of file ends without a newline
  }
..\Core\Src\encoder.c: 3 warnings, 0 errors
compiling tcpclient.c...
../Core/Inc/tcpclient.h(16): warning:  #1295-D: Deprecated declaration isConnected - give arg types
  
ool isConnected();
..\Core\Src\tcpclient.c: 1 warning, 0 errors
compiling usart.c...
../Core/Inc/rs485.h(16): warning:  #1295-D: Deprecated declaration RS485Init - give arg types
  void RS485Init();
../Core/Inc/rs485.h(24): warning:  #1-D: last line of file ends without a newline
  #endif
../Core/Inc/servo.h(96): warning:  #1295-D: Deprecated declaration createQueryIdPacket - give arg types
  ServoTxPacket createQueryIdPacket();
../Core/Inc/servo.h(101): warning:  #1-D: last line of file ends without a newline
  #endif
../Core/Src/usart.c: 4 warnings, 0 errors
compiling usb_otg.c...
compiling tcpserver.c...
compiling stm32h7xx_hal_timebase_tim.c...
compiling digital_quantity.c...
../Core/Inc/digital_quantity.h(9): warning:  #1-D: last line of file ends without a newline
  #endif
..\Core\Src\digital_quantity.c(155): warning:  #1-D: last line of file ends without a newline
  }
..\Core\Src\digital_quantity.c: 2 warnings, 0 errors
compiling gpio.c...
compiling telescoping_fork.c...
../Core/Inc/canopen.h(32): warning:  #1-D: last line of file ends without a newline
  #endif
../Core/Inc/telescoping_fork.h(19): warning:  #1-D: last line of file ends without a newline
  #endif
..\Core\Src\telescoping_fork.c(9): warning:  #223-D: function "osDelay" declared implicitly
      osDelay(20);
..\Core\Src\telescoping_fork.c(108): warning:  #1-D: last line of file ends without a newline
  // }
..\Core\Src\telescoping_fork.c: 4 warnings, 0 errors
compiling fdcan.c...
compiling freertos.c...
../Core/Inc/digital_quantity.h(9): warning:  #1-D: last line of file ends without a newline
  #endif
../Core/Inc/rs485.h(16): warning:  #1295-D: Deprecated declaration RS485Init - give arg types
  void RS485Init();
../Core/Inc/rs485.h(24): warning:  #1-D: last line of file ends without a newline
  #endif
../Core/Inc/canopen.h(32): warning:  #1-D: last line of file ends without a newline
  #endif
../Core/Inc/servo.h(96): warning:  #1295-D: Deprecated declaration createQueryIdPacket - give arg types
  ServoTxPacket createQueryIdPacket();
../Core/Inc/servo.h(101): warning:  #1-D: last line of file ends without a newline
  #endif
../Core/Inc/i2c.h(41): warning:  #1-D: last line of file ends without a newline
  #endif
../Core/Inc/eeprom.h(11): warning:  #1-D: last line of file ends without a newline
  #endif
../Core/Inc/tcpclient.h(16): warning:  #1295-D: Deprecated declaration isConnected - give arg types
  
ool isConnected();
../Core/Inc/telescoping_fork.h(19): warning:  #1-D: last line of file ends without a newline
  #endif
../Core/Inc/forkLever.h(7): warning:  #1-D: last line of file ends without a newline
  #endif
../Core/Inc/move.h(4): warning:  #1-D: last line of file ends without a newline
  #endif
../Core/Inc/kincoServo.h(38): warning:  #231-D: declaration is not visible outside of function
      void (*error_handler)(struct KincoServoMotor *motor);    // ???ó´??í»Øµ?
../Core/Inc/kincoServo.h(39): warning:  #231-D: declaration is not visible outside of function
      void (*position_reached)(struct KincoServoMotor *motor); // Î»?Ãµ½´ï»Øµ?
../Core/Src/freertos.c(45): warning:  #1295-D: Deprecated declaration DigitalOutputTestTask - give arg types
  void DigitalOutputTestTask();
../Core/Src/freertos.c(46): warning:  #1295-D: Deprecated declaration ServoTask - give arg types
  void ServoTask();
../Core/Src/freertos.c(47): warning:  #1295-D: Deprecated declaration lwipTask - give arg types
  void lwipTask();
../Core/Src/freertos.c(50): warning:  #188-D: enumerated type mixed with another type
  CANopen_Status now = 0;
../Core/Src/freertos.c(62): warning:  #520-D: initialization with "{...}" expected for aggregate object
  ServoTxPacket packet=0;
../Core/Src/freertos.c(405): warning:  #177-D: variable "startAddr" was declared but never referenced
    uint16_t startAddr = 0x2000;
../Core/Src/freertos.c(407): warning:  #177-D: variable "readData" was declared but never referenced
    uint8_t readData[256];
../Core/Src/freertos.c(409): warning:  #177-D: variable "bytesWritten" was declared but never referenced
    uint16_t bytesWritten = 0;
../Core/Src/freertos.c(410): warning:  #177-D: variable "ptr" was declared but never referenced
    uint8_t *ptr = writeData;
../Core/Src/freertos.c(411): warning:  #177-D: variable "remaining" was declared but never referenced
    uint16_t remaining = 256;
../Core/Src/freertos.c(412): warning:  #177-D: variable "bytesRead" was declared but never referenced
    uint16_t bytesRead = 0;
../Core/Src/freertos.c(413): warning:  #177-D: variable "chunk" was declared but never referenced
    uint8_t chunk = 0;
../Core/Src/freertos.c(414): warning:  #177-D: variable "errors" was declared but never referenced
    static uint16_t errors = 0;
../Core/Src/freertos.c(416): warning:  #177-D: variable "input2_value_last" was declared but never referenced
    uint8_t input2_value_last = 0;
../Core/Src/freertos.c(55): warning:  #177-D: variable "command_index" was declared but never referenced
  static uint8_t command_index = 0;  // å‘?ä»?ç¼?å†?åŒ?ç´?å¼?
../Core/Src/freertos.c(124): warning:  #177-D: variable "output_status" was declared but never referenced
  static uint8_t output_status[10] = {0};  // åˆ?å§?çŠ?æ€?éƒ?ä¸? 0 (ä½?ç”?å¹?)
../Core/Src/freertos.c(171): warning:  #177-D: function "movewithSensor" was declared but never referenced
  static inline void movewithSensor(int32_t delta)
../Core/Src/freertos.c: 31 warnings, 0 errors
compiling stm32h7xx_hal_tim_ex.c...
compiling stm32h7xx_hal_tim.c...
compiling stm32h7xx_hal_eth_ex.c...
compiling stm32h7xx_hal_eth.c...
compiling stm32h7xx_hal_rcc.c...
compiling stm32h7xx_hal_flash.c...
compiling stm32h7xx_hal_rcc_ex.c...
compiling stm32h7xx_hal_flash_ex.c...
compiling stm32h7xx_hal_gpio.c...
compiling stm32h7xx_hal_hsem.c...
compiling stm32h7xx_hal_dma.c...
compiling stm32h7xx_hal_dma_ex.c...
compiling stm32h7xx_hal_mdma.c...
compiling stm32h7xx_hal_pwr.c...
compiling stm32h7xx_hal_pwr_ex.c...
compiling stm32h7xx_hal_cortex.c...
compiling stm32h7xx_hal.c...
compiling stm32h7xx_hal_i2c.c...
compiling stm32h7xx_hal_i2c_ex.c...
compiling stm32h7xx_hal_exti.c...
compiling stm32h7xx_hal_fdcan.c...
compiling stm32h7xx_hal_uart.c...
compiling event_groups.c...
compiling stm32h7xx_hal_uart_ex.c...
compiling croutine.c...
compiling list.c...
compiling stm32h7xx_ll_usb.c...
compiling queue.c...
compiling stm32h7xx_hal_hcd.c...
compiling stream_buffer.c...
compiling system_stm32h7xx.c...
compiling tasks.c...
compiling timers.c...
compiling heap_4.c...
compiling cmsis_os2.c...
compiling port.c...
compiling lan8742.c...
compiling ethernetif.c...
compiling lwip.c...
compiling auth.c...
compiling ccp.c...
compiling chap_ms.c...
compiling chap-md5.c...
compiling chap-new.c...
compiling demand.c...
compiling eap.c...
compiling eui64.c...
compiling fsm.c...
compiling ipcp.c...
compiling ipv6cp.c...
compiling lcp.c...
compiling magic.c...
compiling mppe.c...
compiling multilink.c...
compiling ppp.c...
compiling pppapi.c...
compiling pppcrypt.c...
compiling pppoe.c...
compiling pppol2tp.c...
compiling pppos.c...
compiling upap.c...
compiling utils.c...
compiling vj.c...
compiling bridgeif.c...
compiling bridgeif_fdb.c...
compiling ethernet.c...
compiling lowpan6.c...
compiling lowpan6_ble.c...
compiling lowpan6_common.c...
compiling slipif.c...
compiling zepif.c...
compiling ecp.c...
compiling api_lib.c...
compiling err.c...
compiling api_msg.c...
compiling if_api.c...
compiling netbuf.c...
compiling netdb.c...
compiling netifapi.c...
compiling tcpip.c...
compiling altcp.c...
compiling sockets.c...
compiling altcp_alloc.c...
compiling altcp_tcp.c...
compiling def.c...
compiling dns.c...
compiling inet_chksum.c...
compiling init.c...
compiling ip.c...
compiling mem.c...
compiling memp.c...
compiling netif.c...
compiling pbuf.c...
compiling raw.c...
compiling stats.c...
compiling sys.c...
compiling tcp.c...
compiling tcp_in.c...
compiling timeouts.c...
compiling tcp_out.c...
compiling autoip.c...
compiling udp.c...
compiling dhcp.c...
compiling etharp.c...
compiling icmp.c...
compiling igmp.c...
compiling ip4.c...
compiling ip4_addr.c...
compiling dhcp6.c...
compiling ip4_frag.c...
compiling ethip6.c...
compiling icmp6.c...
compiling inet6.c...
compiling ip6.c...
compiling ip6_addr.c...
compiling ip6_frag.c...
compiling mld6.c...
compiling nd6.c...
compiling sys_arch.c...
compiling mqtt.c...
compiling sntp.c...
linking...
Program Size: Code=47736 RO-data=1228 RW-data=296 ZI-data=39816  
FromELF: creating hex file...
"yplc_1\yplc_1.axf" - 0 Error(s), 97 Warning(s).

<h2>Software Packages used:</h2>

Package Vendor: ARM
                http://www.keil.com/pack/ARM.CMSIS.4.5.0.pack
                ARM::CMSIS:CORE:4.3.0
                CMSIS (Cortex Microcontroller Software Interface Standard)
   * Component: CORE Version: 4.3.0

<h2>Collection of Component include folders:</h2>
  C:\Users\hppav\Desktop\K2\ÐÂ½¨ÎÄ¼þ¼Ð\plc_controller\MDK-ARM\RTE
  C:\Keil_v5\ARM\PACK\ARM\CMSIS\4.5.0\CMSIS\Include

<h2>Collection of Component Files used:</h2>

   * Component: ARM::CMSIS:CORE:4.3.0
Build Time Elapsed:  00:00:17
</pre>
</body>
</html>
